Archive member included to satisfy reference by file (symbol)

c:/st/stm32cubeide_1.9.0/stm32cubeide/plugins/com.st.stm32cube.ide.mcu.externaltools.gnu-tools-for-stm32.10.3-2021.10.win32_1.0.0.202111181127/tools/bin/../lib/gcc/arm-none-eabi/10.3.1/../../../../arm-none-eabi/lib/thumb/v7e-m+fp/hard\libstdc++_nano.a(del_ops.o)
                              ./Core/Src/Cli.o (operator delete(void*, unsigned int))
c:/st/stm32cubeide_1.9.0/stm32cubeide/plugins/com.st.stm32cube.ide.mcu.externaltools.gnu-tools-for-stm32.10.3-2021.10.win32_1.0.0.202111181127/tools/bin/../lib/gcc/arm-none-eabi/10.3.1/../../../../arm-none-eabi/lib/thumb/v7e-m+fp/hard\libstdc++_nano.a(new_op.o)
                              ./Core/Src/Cli.o (operator new(unsigned int))
c:/st/stm32cubeide_1.9.0/stm32cubeide/plugins/com.st.stm32cube.ide.mcu.externaltools.gnu-tools-for-stm32.10.3-2021.10.win32_1.0.0.202111181127/tools/bin/../lib/gcc/arm-none-eabi/10.3.1/../../../../arm-none-eabi/lib/thumb/v7e-m+fp/hard\libstdc++_nano.a(pure.o)
                              ./Core/Src/Cli.o (__cxa_pure_virtual)
c:/st/stm32cubeide_1.9.0/stm32cubeide/plugins/com.st.stm32cube.ide.mcu.externaltools.gnu-tools-for-stm32.10.3-2021.10.win32_1.0.0.202111181127/tools/bin/../lib/gcc/arm-none-eabi/10.3.1/../../../../arm-none-eabi/lib/thumb/v7e-m+fp/hard\libstdc++_nano.a(del_op.o)
                              c:/st/stm32cubeide_1.9.0/stm32cubeide/plugins/com.st.stm32cube.ide.mcu.externaltools.gnu-tools-for-stm32.10.3-2021.10.win32_1.0.0.202111181127/tools/bin/../lib/gcc/arm-none-eabi/10.3.1/../../../../arm-none-eabi/lib/thumb/v7e-m+fp/hard\libstdc++_nano.a(del_ops.o) (operator delete(void*))
c:/st/stm32cubeide_1.9.0/stm32cubeide/plugins/com.st.stm32cube.ide.mcu.externaltools.gnu-tools-for-stm32.10.3-2021.10.win32_1.0.0.202111181127/tools/bin/../lib/gcc/arm-none-eabi/10.3.1/../../../../arm-none-eabi/lib/thumb/v7e-m+fp/hard\libstdc++_nano.a(eh_terminate.o)
                              c:/st/stm32cubeide_1.9.0/stm32cubeide/plugins/com.st.stm32cube.ide.mcu.externaltools.gnu-tools-for-stm32.10.3-2021.10.win32_1.0.0.202111181127/tools/bin/../lib/gcc/arm-none-eabi/10.3.1/../../../../arm-none-eabi/lib/thumb/v7e-m+fp/hard\libstdc++_nano.a(pure.o) (std::terminate())
c:/st/stm32cubeide_1.9.0/stm32cubeide/plugins/com.st.stm32cube.ide.mcu.externaltools.gnu-tools-for-stm32.10.3-2021.10.win32_1.0.0.202111181127/tools/bin/../lib/gcc/arm-none-eabi/10.3.1/../../../../arm-none-eabi/lib/thumb/v7e-m+fp/hard\libstdc++_nano.a(eh_unex_handler.o)
                              c:/st/stm32cubeide_1.9.0/stm32cubeide/plugins/com.st.stm32cube.ide.mcu.externaltools.gnu-tools-for-stm32.10.3-2021.10.win32_1.0.0.202111181127/tools/bin/../lib/gcc/arm-none-eabi/10.3.1/../../../../arm-none-eabi/lib/thumb/v7e-m+fp/hard\libstdc++_nano.a(eh_terminate.o) (__cxxabiv1::__unexpected_handler)
c:/st/stm32cubeide_1.9.0/stm32cubeide/plugins/com.st.stm32cube.ide.mcu.externaltools.gnu-tools-for-stm32.10.3-2021.10.win32_1.0.0.202111181127/tools/bin/../lib/gcc/arm-none-eabi/10.3.1/../../../../arm-none-eabi/lib/thumb/v7e-m+fp/hard\libstdc++_nano.a(new_handler.o)
                              c:/st/stm32cubeide_1.9.0/stm32cubeide/plugins/com.st.stm32cube.ide.mcu.externaltools.gnu-tools-for-stm32.10.3-2021.10.win32_1.0.0.202111181127/tools/bin/../lib/gcc/arm-none-eabi/10.3.1/../../../../arm-none-eabi/lib/thumb/v7e-m+fp/hard\libstdc++_nano.a(new_op.o) (std::get_new_handler())
c:/st/stm32cubeide_1.9.0/stm32cubeide/plugins/com.st.stm32cube.ide.mcu.externaltools.gnu-tools-for-stm32.10.3-2021.10.win32_1.0.0.202111181127/tools/bin/../lib/gcc/arm-none-eabi/10.3.1/../../../../arm-none-eabi/lib/thumb/v7e-m+fp/hard\libstdc++_nano.a(eh_term_handler.o)
                              c:/st/stm32cubeide_1.9.0/stm32cubeide/plugins/com.st.stm32cube.ide.mcu.externaltools.gnu-tools-for-stm32.10.3-2021.10.win32_1.0.0.202111181127/tools/bin/../lib/gcc/arm-none-eabi/10.3.1/../../../../arm-none-eabi/lib/thumb/v7e-m+fp/hard\libstdc++_nano.a(eh_terminate.o) (__cxxabiv1::__terminate_handler)
c:/st/stm32cubeide_1.9.0/stm32cubeide/plugins/com.st.stm32cube.ide.mcu.externaltools.gnu-tools-for-stm32.10.3-2021.10.win32_1.0.0.202111181127/tools/bin/../lib/gcc/arm-none-eabi/10.3.1/../../../../arm-none-eabi/lib/thumb/v7e-m+fp/hard\libc_nano.a(lib_a-abort.o)
                              c:/st/stm32cubeide_1.9.0/stm32cubeide/plugins/com.st.stm32cube.ide.mcu.externaltools.gnu-tools-for-stm32.10.3-2021.10.win32_1.0.0.202111181127/tools/bin/../lib/gcc/arm-none-eabi/10.3.1/../../../../arm-none-eabi/lib/thumb/v7e-m+fp/hard\libstdc++_nano.a(new_op.o) (abort)
c:/st/stm32cubeide_1.9.0/stm32cubeide/plugins/com.st.stm32cube.ide.mcu.externaltools.gnu-tools-for-stm32.10.3-2021.10.win32_1.0.0.202111181127/tools/bin/../lib/gcc/arm-none-eabi/10.3.1/../../../../arm-none-eabi/lib/thumb/v7e-m+fp/hard\libc_nano.a(lib_a-atoi.o)
                              ./Core/Src/Cli.o (atoi)
[...]
Memory Configuration

Name             Origin             Length             Attributes
RAM              0x0000000020000000 0x0000000000018000 xrw
RAM2             0x0000000010000000 0x0000000000008000 xrw
FLASH            0x0000000008000000 0x0000000000100000 xr
*default*        0x0000000000000000 0xffffffffffffffff

Linker script and memory map

LOAD c:/st/stm32cubeide_1.9.0/stm32cubeide/plugins/com.st.stm32cube.ide.mcu.externaltools.gnu-tools-for-stm32.10.3-2021.10.win32_1.0.0.202111181127/tools/bin/../lib/gcc/arm-none-eabi/10.3.1/thumb/v7e-m+fp/hard/crti.o
LOAD c:/st/stm32cubeide_1.9.0/stm32cubeide/plugins/com.st.stm32cube.ide.mcu.externaltools.gnu-tools-for-stm32.10.3-2021.10.win32_1.0.0.202111181127/tools/bin/../lib/gcc/arm-none-eabi/10.3.1/thumb/v7e-m+fp/hard/crtbegin.o
LOAD c:/st/stm32cubeide_1.9.0/stm32cubeide/plugins/com.st.stm32cube.ide.mcu.externaltools.gnu-tools-for-stm32.10.3-2021.10.win32_1.0.0.202111181127/tools/bin/../lib/gcc/arm-none-eabi/10.3.1/../../../../arm-none-eabi/lib/thumb/v7e-m+fp/hard/crt0.o
LOAD ./Core/Src/BUTTON.o
LOAD ./Core/Src/Cli.o
LOAD ./Core/Src/DHT.o
LOAD ./Core/Src/Flash.o
LOAD ./Core/Src/LED.o
LOAD ./Core/Src/Rtc.o
LOAD ./Core/Src/comtask.o
LOAD ./Core/Src/freertos.o
LOAD ./Core/Src/main.o
LOAD ./Core/Src/mybuzzer.o
LOAD ./Core/Src/mymain.o
LOAD ./Core/Src/stm32l4xx_hal_msp.o
LOAD ./Core/Src/stm32l4xx_hal_timebase_tim.o
LOAD ./Core/Src/stm32l4xx_it.o
LOAD ./Core/Src/syscalls.o
LOAD ./Core/Src/sysmem.o
LOAD ./Core/Src/system_stm32l4xx.o
LOAD ./Core/Src/temperature_monitor.o
LOAD ./Core/Startup/startup_stm32l476rgtx.o
LOAD ./Drivers/STM32L4xx_HAL_Driver/Src/stm32l4xx_hal.o
LOAD ./Drivers/STM32L4xx_HAL_Driver/Src/stm32l4xx_hal_cortex.o
LOAD ./Drivers/STM32L4xx_HAL_Driver/Src/stm32l4xx_hal_dma.o
LOAD ./Drivers/STM32L4xx_HAL_Driver/Src/stm32l4xx_hal_dma_ex.o
LOAD ./Drivers/STM32L4xx_HAL_Driver/Src/stm32l4xx_hal_exti.o
LOAD ./Drivers/STM32L4xx_HAL_Driver/Src/stm32l4xx_hal_flash.o
LOAD ./Drivers/STM32L4xx_HAL_Driver/Src/stm32l4xx_hal_flash_ex.o
LOAD ./Drivers/STM32L4xx_HAL_Driver/Src/stm32l4xx_hal_flash_ramfunc.o
LOAD ./Drivers/STM32L4xx_HAL_Driver/Src/stm32l4xx_hal_gpio.o
LOAD ./Drivers/STM32L4xx_HAL_Driver/Src/stm32l4xx_hal_i2c.o
LOAD ./Drivers/STM32L4xx_HAL_Driver/Src/stm32l4xx_hal_i2c_ex.o
LOAD ./Drivers/STM32L4xx_HAL_Driver/Src/stm32l4xx_hal_pwr.o
LOAD ./Drivers/STM32L4xx_HAL_Driver/Src/stm32l4xx_hal_pwr_ex.o
LOAD ./Drivers/STM32L4xx_HAL_Driver/Src/stm32l4xx_hal_rcc.o
LOAD ./Drivers/STM32L4xx_HAL_Driver/Src/stm32l4xx_hal_rcc_ex.o
LOAD ./Drivers/STM32L4xx_HAL_Driver/Src/stm32l4xx_hal_spi.o
LOAD ./Drivers/STM32L4xx_HAL_Driver/Src/stm32l4xx_hal_spi_ex.o
LOAD ./Drivers/STM32L4xx_HAL_Driver/Src/stm32l4xx_hal_tim.o
LOAD ./Drivers/STM32L4xx_HAL_Driver/Src/stm32l4xx_hal_tim_ex.o
LOAD ./Drivers/STM32L4xx_HAL_Driver/Src/stm32l4xx_hal_uart.o
LOAD ./Drivers/STM32L4xx_HAL_Driver/Src/stm32l4xx_hal_uart_ex.o
LOAD ./FATFS/App/fatfs.o
LOAD ./FATFS/Target/user_diskio.o
LOAD ./FATFS/Target/user_diskio_spi.o
LOAD ./Middlewares/Third_Party/FatFs/src/diskio.o
LOAD ./Middlewares/Third_Party/FatFs/src/ff.o
LOAD ./Middlewares/Third_Party/FatFs/src/ff_gen_drv.o
LOAD ./Middlewares/Third_Party/FatFs/src/option/syscall.o
LOAD ./Middlewares/Third_Party/FreeRTOS/Source/CMSIS_RTOS_V2/cmsis_os2.o
LOAD ./Middlewares/Third_Party/FreeRTOS/Source/croutine.o
LOAD ./Middlewares/Third_Party/FreeRTOS/Source/event_groups.o
LOAD ./Middlewares/Third_Party/FreeRTOS/Source/list.o
LOAD ./Middlewares/Third_Party/FreeRTOS/Source/queue.o
LOAD ./Middlewares/Third_Party/FreeRTOS/Source/stream_buffer.o
LOAD ./Middlewares/Third_Party/FreeRTOS/Source/tasks.o
LOAD ./Middlewares/Third_Party/FreeRTOS/Source/timers.o
LOAD ./Middlewares/Third_Party/FreeRTOS/Source/portable/GCC/ARM_CM4F/port.o
LOAD ./Middlewares/Third_Party/FreeRTOS/Source/portable/MemMang/heap_4.o
START GROUP
LOAD c:/st/stm32cubeide_1.9.0/stm32cubeide/plugins/com.st.stm32cube.ide.mcu.externaltools.gnu-tools-for-stm32.10.3-2021.10.win32_1.0.0.202111181127/tools/bin/../lib/gcc/arm-none-eabi/10.3.1/../../../../arm-none-eabi/lib/thumb/v7e-m+fp/hard\libstdc++_nano.a
LOAD c:/st/stm32cubeide_1.9.0/stm32cubeide/plugins/com.st.stm32cube.ide.mcu.externaltools.gnu-tools-for-stm32.10.3-2021.10.win32_1.0.0.202111181127/tools/bin/../lib/gcc/arm-none-eabi/10.3.1/../../../../arm-none-eabi/lib/thumb/v7e-m+fp/hard\libsupc++_nano.a
END GROUP
LOAD c:/st/stm32cubeide_1.9.0/stm32cubeide/plugins/com.st.stm32cube.ide.mcu.externaltools.gnu-tools-for-stm32.10.3-2021.10.win32_1.0.0.202111181127/tools/bin/../lib/gcc/arm-none-eabi/10.3.1/../../../../arm-none-eabi/lib/thumb/v7e-m+fp/hard\libstdc++_nano.a
LOAD c:/st/stm32cubeide_1.9.0/stm32cubeide/plugins/com.st.stm32cube.ide.mcu.externaltools.gnu-tools-for-stm32.10.3-2021.10.win32_1.0.0.202111181127/tools/bin/../lib/gcc/arm-none-eabi/10.3.1/../../../../arm-none-eabi/lib/thumb/v7e-m+fp/hard\libm.a
LOAD c:/st/stm32cubeide_1.9.0/stm32cubeide/plugins/com.st.stm32cube.ide.mcu.externaltools.gnu-tools-for-stm32.10.3-2021.10.win32_1.0.0.202111181127/tools/bin/../lib/gcc/arm-none-eabi/10.3.1/../../../../arm-none-eabi/lib/thumb/v7e-m+fp/hard\libc_nano.a
START GROUP
LOAD c:/st/stm32cubeide_1.9.0/stm32cubeide/plugins/com.st.stm32cube.ide.mcu.externaltools.gnu-tools-for-stm32.10.3-2021.10.win32_1.0.0.202111181127/tools/bin/../lib/gcc/arm-none-eabi/10.3.1/thumb/v7e-m+fp/hard\libgcc.a
LOAD c:/st/stm32cubeide_1.9.0/stm32cubeide/plugins/com.st.stm32cube.ide.mcu.externaltools.gnu-tools-for-stm32.10.3-2021.10.win32_1.0.0.202111181127/tools/bin/../lib/gcc/arm-none-eabi/10.3.1/../../../../arm-none-eabi/lib/thumb/v7e-m+fp/hard\libc_nano.a
END GROUP
START GROUP
LOAD c:/st/stm32cubeide_1.9.0/stm32cubeide/plugins/com.st.stm32cube.ide.mcu.externaltools.gnu-tools-for-stm32.10.3-2021.10.win32_1.0.0.202111181127/tools/bin/../lib/gcc/arm-none-eabi/10.3.1/thumb/v7e-m+fp/hard\libgcc.a
LOAD c:/st/stm32cubeide_1.9.0/stm32cubeide/plugins/com.st.stm32cube.ide.mcu.externaltools.gnu-tools-for-stm32.10.3-2021.10.win32_1.0.0.202111181127/tools/bin/../lib/gcc/arm-none-eabi/10.3.1/../../../../arm-none-eabi/lib/thumb/v7e-m+fp/hard\libc_nano.a
LOAD c:/st/stm32cubeide_1.9.0/stm32cubeide/plugins/com.st.stm32cube.ide.mcu.externaltools.gnu-tools-for-stm32.10.3-2021.10.win32_1.0.0.202111181127/tools/bin/../lib/gcc/arm-none-eabi/10.3.1/../../../../arm-none-eabi/lib/thumb/v7e-m+fp/hard\libnosys.a
END GROUP
START GROUP
LOAD c:/st/stm32cubeide_1.9.0/stm32cubeide/plugins/com.st.stm32cube.ide.mcu.externaltools.gnu-tools-for-stm32.10.3-2021.10.win32_1.0.0.202111181127/tools/bin/../lib/gcc/arm-none-eabi/10.3.1/thumb/v7e-m+fp/hard\libgcc.a
LOAD c:/st/stm32cubeide_1.9.0/stm32cubeide/plugins/com.st.stm32cube.ide.mcu.externaltools.gnu-tools-for-stm32.10.3-2021.10.win32_1.0.0.202111181127/tools/bin/../lib/gcc/arm-none-eabi/10.3.1/../../../../arm-none-eabi/lib/thumb/v7e-m+fp/hard\libc_nano.a
LOAD c:/st/stm32cubeide_1.9.0/stm32cubeide/plugins/com.st.stm32cube.ide.mcu.externaltools.gnu-tools-for-stm32.10.3-2021.10.win32_1.0.0.202111181127/tools/bin/../lib/gcc/arm-none-eabi/10.3.1/../../../../arm-none-eabi/lib/thumb/v7e-m+fp/hard\libnosys.a
END GROUP
LOAD c:/st/stm32cubeide_1.9.0/stm32cubeide/plugins/com.st.stm32cube.ide.mcu.externaltools.gnu-tools-for-stm32.10.3-2021.10.win32_1.0.0.202111181127/tools/bin/../lib/gcc/arm-none-eabi/10.3.1/thumb/v7e-m+fp/hard/crtend.o
LOAD c:/st/stm32cubeide_1.9.0/stm32cubeide/plugins/com.st.stm32cube.ide.mcu.externaltools.gnu-tools-for-stm32.10.3-2021.10.win32_1.0.0.202111181127/tools/bin/../lib/gcc/arm-none-eabi/10.3.1/thumb/v7e-m+fp/hard/crtn.o
                0x0000000020018000                _estack = (ORIGIN (RAM) + LENGTH (RAM))
                0x0000000000000200                _Min_Heap_Size = 0x200
                0x0000000000000400                _Min_Stack_Size = 0x400

.isr_vector     0x0000000008000000      0x188
                0x0000000008000000                . = ALIGN (0x4)
 *(.isr_vector)
 .isr_vector    0x0000000008000000      0x188 ./Core/Startup/startup_stm32l476rgtx.o
                0x0000000008000000                g_pfnVectors
                0x0000000008000188                . = ALIGN (0x4)

.text           0x0000000008000190    0x103c0
                0x0000000008000190                . = ALIGN (0x4)
 *(.text)
 .text          0x0000000008000190       0x40 c:/st/stm32cubeide_1.9.0/stm32cubeide/plugins/com.st.stm32cube.ide.mcu.externaltools.gnu-tools-for-stm32.10.3-2021.10.win32_1.0.0.202111181127/tools/bin/../lib/gcc/arm-none-eabi/10.3.1/thumb/v7e-m+fp/hard/crtbegin.o
 .text          0x00000000080001d0       0x14 c:/st/stm32cubeide_1.9.0/stm32cubeide/plugins/com.st.stm32cube.ide.mcu.externaltools.gnu-tools-for-stm32.10.3-2021.10.win32_1.0.0.202111181127/tools/bin/../lib/gcc/arm-none-eabi/10.3.1/../../../../arm-none-eabi/lib/thumb/v7e-m+fp/hard\libc_nano.a(lib_a-strcmp.o)
                0x00000000080001d0                strcmp
 .text          0x00000000080001e4       0x10 c:/st/stm32cubeide_1.9.0/stm32cubeide/plugins/com.st.stm32cube.ide.mcu.externaltools.gnu-tools-for-stm32.10.3-2021.10.win32_1.0.0.202111181127/tools/bin/../lib/gcc/arm-none-eabi/10.3.1/../../../../arm-none-eabi/lib/thumb/v7e-m+fp/hard\libc_nano.a(lib_a-strlen.o)
                0x00000000080001e4                strlen
 *fill*         0x00000000080001f4        0xc 
 .text          0x0000000008000200       0xa0 c:/st/stm32cubeide_1.9.0/stm32cubeide/plugins/com.st.stm32cube.ide.mcu.externaltools.gnu-tools-for-stm32.10.3-2021.10.win32_1.0.0.202111181127/tools/bin/../lib/gcc/arm-none-eabi/10.3.1/../../../../arm-none-eabi/lib/thumb/v7e-m+fp/hard\libc_nano.a(lib_a-memchr.o)
                0x0000000008000200                memchr
 .text          0x00000000080002a0      0x378 c:/st/stm32cubeide_1.9.0/stm32cubeide/plugins/com.st.stm32cube.ide.mcu.externaltools.gnu-tools-for-stm32.10.3-2021.10.win32_1.0.0.202111181127/tools/bin/../lib/gcc/arm-none-eabi/10.3.1/thumb/v7e-m+fp/hard\libgcc.a(_arm_addsubdf3.o)
                0x00000000080002a0                __aeabi_drsub
                0x00000000080002a8                __aeabi_dsub
                0x00000000080002a8                __subdf3
                0x00000000080002ac                __aeabi_dadd
                0x00000000080002ac                __adddf3
                0x0000000008000524                __floatunsidf
                0x0000000008000524                __aeabi_ui2d
                0x0000000008000544                __floatsidf
                0x0000000008000544                __aeabi_i2d
                0x0000000008000568                __aeabi_f2d
                0x0000000008000568                __extendsfdf2
                0x00000000080005ac                __floatundidf
                0x00000000080005ac                __aeabi_ul2d
                0x00000000080005bc                __floatdidf
                0x00000000080005bc                __aeabi_l2d
 .text          0x0000000008000618      0x424 c:/st/stm32cubeide_1.9.0/stm32cubeide/plugins/com.st.stm32cube.ide.mcu.externaltools.gnu-tools-for-stm32.10.3-2021.10.win32_1.0.0.202111181127/tools/bin/../lib/gcc/arm-none-eabi/10.3.1/thumb/v7e-m+fp/hard\libgcc.a(_arm_muldivdf3.o)
                0x0000000008000618                __aeabi_dmul
                0x0000000008000618                __muldf3
                0x000000000800086c                __divdf3
                0x000000000800086c                __aeabi_ddiv
 .text          0x0000000008000a3c      0x110 c:/st/stm32cubeide_1.9.0/stm32cubeide/plugins/com.st.stm32cube.ide.mcu.externaltools.gnu-tools-for-stm32.10.3-2021.10.win32_1.0.0.202111181127/tools/bin/../lib/gcc/arm-none-eabi/10.3.1/thumb/v7e-m+fp/hard\libgcc.a(_arm_cmpdf2.o)
                0x0000000008000a3c                __gtdf2
                0x0000000008000a3c                __gedf2
                0x0000000008000a44                __ltdf2
                0x0000000008000a44                __ledf2
                0x0000000008000a4c                __nedf2
                0x0000000008000a4c                __eqdf2
                0x0000000008000a4c                __cmpdf2
                0x0000000008000ac8                __aeabi_cdrcmple
                0x0000000008000ad8                __aeabi_cdcmpeq
                0x0000000008000ad8                __aeabi_cdcmple
                0x0000000008000ae8                __aeabi_dcmpeq
                0x0000000008000afc                __aeabi_dcmplt
                0x0000000008000b10                __aeabi_dcmple
                0x0000000008000b24                __aeabi_dcmpge
                0x0000000008000b38                __aeabi_dcmpgt
 .text          0x0000000008000b4c       0x2c c:/st/stm32cubeide_1.9.0/stm32cubeide/plugins/com.st.stm32cube.ide.mcu.externaltools.gnu-tools-for-stm32.10.3-2021.10.win32_1.0.0.202111181127/tools/bin/../lib/gcc/arm-none-eabi/10.3.1/thumb/v7e-m+fp/hard\libgcc.a(_arm_unorddf2.o)
                0x0000000008000b4c                __unorddf2
                0x0000000008000b4c                __aeabi_dcmpun
 .text          0x0000000008000b78       0x50 c:/st/stm32cubeide_1.9.0/stm32cubeide/plugins/com.st.stm32cube.ide.mcu.externaltools.gnu-tools-for-stm32.10.3-2021.10.win32_1.0.0.202111181127/tools/bin/../lib/gcc/arm-none-eabi/10.3.1/thumb/v7e-m+fp/hard\libgcc.a(_arm_fixdfsi.o)
                0x0000000008000b78                __aeabi_d2iz
                0x0000000008000b78                __fixdfsi
 .text          0x0000000008000bc8       0x30 c:/st/stm32cubeide_1.9.0/stm32cubeide/plugins/com.st.stm32cube.ide.mcu.externaltools.gnu-tools-for-stm32.10.3-2021.10.win32_1.0.0.202111181127/tools/bin/../lib/gcc/arm-none-eabi/10.3.1/thumb/v7e-m+fp/hard\libgcc.a(_aeabi_uldivmod.o)
                0x0000000008000bc8                __aeabi_uldivmod
 .text          0x0000000008000bf8      0x2d0 c:/st/stm32cubeide_1.9.0/stm32cubeide/plugins/com.st.stm32cube.ide.mcu.externaltools.gnu-tools-for-stm32.10.3-2021.10.win32_1.0.0.202111181127/tools/bin/../lib/gcc/arm-none-eabi/10.3.1/thumb/v7e-m+fp/hard\libgcc.a(_udivmoddi4.o)
                0x0000000008000bf8                __udivmoddi4
 .text          0x0000000008000ec8        0x4 c:/st/stm32cubeide_1.9.0/stm32cubeide/plugins/com.st.stm32cube.ide.mcu.externaltools.gnu-tools-for-stm32.10.3-2021.10.win32_1.0.0.202111181127/tools/bin/../lib/gcc/arm-none-eabi/10.3.1/thumb/v7e-m+fp/hard\libgcc.a(_dvmd_tls.o)
                0x0000000008000ec8                __aeabi_idiv0
                0x0000000008000ec8                __aeabi_ldiv0
 *(.text*)
 .text._ZN3CliD2Ev
                0x0000000008000ecc       0x20 ./Core/Src/Cli.o
                0x0000000008000ecc                Cli::~Cli()
                0x0000000008000ecc                Cli::~Cli()
 .text._ZN3CliD0Ev
                0x0000000008000eec       0x20 ./Core/Src/Cli.o
                0x0000000008000eec                Cli::~Cli()
 .text._ZN12CliContainer15RegisterCommandEPKcP3Cli
                0x0000000008000f0c       0x44 ./Core/Src/Cli.o
                0x0000000008000f0c                CliContainer::RegisterCommand(char const*, Cli*)
 .text._ZN3CliC2Ev
                0x0000000008000f50       0x20 ./Core/Src/Cli.o
                0x0000000008000f50                Cli::Cli()
                0x0000000008000f50                Cli::Cli()
 .text._ZN5ledOnC2EP3LED
                0x0000000008000f70       0x2c ./Core/Src/Cli.o
                0x0000000008000f70                ledOn::ledOn(LED*)
                0x0000000008000f70                ledOn::ledOn(LED*)
 .text._ZN5ledOn9doCommandEPKc
                0x0000000008000f9c       0x1c ./Core/Src/Cli.o
                0x0000000008000f9c                ledOn::doCommand(char const*)
 .text._ZN6ledOffC2EP3LED
                0x0000000008000fb8       0x2c ./Core/Src/Cli.o
                0x0000000008000fb8                ledOff::ledOff(LED*)
                0x0000000008000fb8                ledOff::ledOff(LED*)
 .text._ZN6ledOff9doCommandEPKc
                0x0000000008000fe4       0x1c ./Core/Src/Cli.o
                0x0000000008000fe4                ledOff::doCommand(char const*)
 .text._ZN8ledBlinkC2EP3LED
                0x0000000008001000       0x2c ./Core/Src/Cli.o
                0x0000000008001000                ledBlink::ledBlink(LED*)
                0x0000000008001000                ledBlink::ledBlink(LED*)
 .text._ZN8ledBlink9doCommandEPKc
                0x000000000800102c       0x1c ./Core/Src/Cli.o
                0x000000000800102c                ledBlink::doCommand(char const*)
 .text._ZN8rtcstartC2EP4_RTC
                0x0000000008001048       0x2c ./Core/Src/Cli.o
                0x0000000008001048                rtcstart::rtcstart(_RTC*)
                0x0000000008001048                rtcstart::rtcstart(_RTC*)
 .text._ZN8rtcstart9doCommandEPKc
                0x0000000008001074       0x1c ./Core/Src/Cli.o
                0x0000000008001074                rtcstart::doCommand(char const*)
 .text._ZN10rtcgettimeC2EP4_RTC
                0x0000000008001090       0x2c ./Core/Src/Cli.o
                0x0000000008001090                rtcgettime::rtcgettime(_RTC*)
                0x0000000008001090                rtcgettime::rtcgettime(_RTC*)
 .text._ZN10rtcgettime9doCommandEPKc
                0x00000000080010bc       0x1c ./Core/Src/Cli.o
                0x00000000080010bc                rtcgettime::doCommand(char const*)
 .text._ZN10rtcsettimeC2EP4_RTC
                0x00000000080010d8       0x2c ./Core/Src/Cli.o
                0x00000000080010d8                rtcsettime::rtcsettime(_RTC*)
                0x00000000080010d8                rtcsettime::rtcsettime(_RTC*)
 .text._ZN10rtcsettime9doCommandEPKc
                0x0000000008001104       0xfc ./Core/Src/Cli.o
                0x0000000008001104                rtcsettime::doCommand(char const*)
 .text._ZN7rtcstopC2EP4_RTC
                0x0000000008001200       0x2c ./Core/Src/Cli.o
                0x0000000008001200                rtcstop::rtcstop(_RTC*)
                0x0000000008001200                rtcstop::rtcstop(_RTC*)
 .text._ZN7rtcstop9doCommandEPKc
                0x000000000800122c       0x1c ./Core/Src/Cli.o
                0x000000000800122c                rtcstop::doCommand(char const*)
 .text._ZN8buzzeronC2EP6BUZZER
                0x0000000008001248       0x2c ./Core/Src/Cli.o
                0x0000000008001248                buzzeron::buzzeron(BUZZER*)
                0x0000000008001248                buzzeron::buzzeron(BUZZER*)
 .text._ZN8buzzeron9doCommandEPKc
                0x0000000008001274       0x1c ./Core/Src/Cli.o
                0x0000000008001274                buzzeron::doCommand(char const*)
 .text._ZN9buzzeroffC2EP6BUZZER
                0x0000000008001290       0x2c ./Core/Src/Cli.o
                0x0000000008001290                buzzeroff::buzzeroff(BUZZER*)
                0x0000000008001290                buzzeroff::buzzeroff(BUZZER*)
 .text._ZN9buzzeroff9doCommandEPKc
                0x00000000080012bc       0x1c ./Core/Src/Cli.o
                0x00000000080012bc                buzzeroff::doCommand(char const*)
 .text._ZN12CliContainer16initCLIcontainerEv
                0x00000000080012d8      0x140 ./Core/Src/Cli.o
                0x00000000080012d8                CliContainer::initCLIcontainer()
 .text._ZN9buzzeroffD2Ev
                0x0000000008001418       0x24 ./Core/Src/Cli.o
                0x0000000008001418                buzzeroff::~buzzeroff()
                0x0000000008001418                buzzeroff::~buzzeroff()
 .text._ZN9buzzeroffD0Ev
                0x000000000800143c       0x20 ./Core/Src/Cli.o
                0x000000000800143c                buzzeroff::~buzzeroff()
 .text._ZN8buzzeronD2Ev
                0x000000000800145c       0x24 ./Core/Src/Cli.o
                0x000000000800145c                buzzeron::~buzzeron()
                0x000000000800145c                buzzeron::~buzzeron()
 .text._ZN8buzzeronD0Ev
                0x0000000008001480       0x20 ./Core/Src/Cli.o
                0x0000000008001480                buzzeron::~buzzeron()
 .text._ZN7rtcstopD2Ev
                0x00000000080014a0       0x24 ./Core/Src/Cli.o
                0x00000000080014a0                rtcstop::~rtcstop()
                0x00000000080014a0                rtcstop::~rtcstop()
 .text._ZN7rtcstopD0Ev
                0x00000000080014c4       0x20 ./Core/Src/Cli.o
                0x00000000080014c4                rtcstop::~rtcstop()
 .text._ZN10rtcsettimeD2Ev
                0x00000000080014e4       0x24 ./Core/Src/Cli.o
                0x00000000080014e4                rtcsettime::~rtcsettime()
                0x00000000080014e4                rtcsettime::~rtcsettime()
 .text._ZN10rtcsettimeD0Ev
                0x0000000008001508       0x20 ./Core/Src/Cli.o
                0x0000000008001508                rtcsettime::~rtcsettime()
 .text._ZN10rtcgettimeD2Ev
                0x0000000008001528       0x24 ./Core/Src/Cli.o
                0x0000000008001528                rtcgettime::~rtcgettime()
                0x0000000008001528                rtcgettime::~rtcgettime()
 .text._ZN10rtcgettimeD0Ev
                0x000000000800154c       0x20 ./Core/Src/Cli.o
                0x000000000800154c                rtcgettime::~rtcgettime()
 .text._ZN8rtcstartD2Ev
                0x000000000800156c       0x24 ./Core/Src/Cli.o
                0x000000000800156c                rtcstart::~rtcstart()
                0x000000000800156c                rtcstart::~rtcstart()
 .text._ZN8rtcstartD0Ev
                0x0000000008001590       0x20 ./Core/Src/Cli.o
                0x0000000008001590                rtcstart::~rtcstart()
 .text._ZN8ledBlinkD2Ev
                0x00000000080015b0       0x24 ./Core/Src/Cli.o
                0x00000000080015b0                ledBlink::~ledBlink()
                0x00000000080015b0                ledBlink::~ledBlink()
 .text._ZN8ledBlinkD0Ev
                0x00000000080015d4       0x20 ./Core/Src/Cli.o
                0x00000000080015d4                ledBlink::~ledBlink()
 .text._ZN6ledOffD2Ev
                0x00000000080015f4       0x24 ./Core/Src/Cli.o
                0x00000000080015f4                ledOff::~ledOff()
                0x00000000080015f4                ledOff::~ledOff()
 .text._ZN6ledOffD0Ev
                0x0000000008001618       0x20 ./Core/Src/Cli.o
                0x0000000008001618                ledOff::~ledOff()
 .text._ZN5ledOnD2Ev
                0x0000000008001638       0x24 ./Core/Src/Cli.o
                0x0000000008001638                ledOn::~ledOn()
                0x0000000008001638                ledOn::~ledOn()
 .text._ZN5ledOnD0Ev
                0x000000000800165c       0x20 ./Core/Src/Cli.o
                0x000000000800165c                ledOn::~ledOn()
 .text._ZN3DHTC2EP12GPIO_TypeDeft
                0x000000000800167c       0x4c ./Core/Src/DHT.o
                0x000000000800167c                DHT::DHT(GPIO_TypeDef*, unsigned short)
                0x000000000800167c                DHT::DHT(GPIO_TypeDef*, unsigned short)
 .text._ZN3DHT11setGpioExtiEv
                0x00000000080016c8       0x46 ./Core/Src/DHT.o
                0x00000000080016c8                DHT::setGpioExti()
 *fill*         0x000000000800170e        0x2 
 .text._ZN3DHT13Dht_readAsyncEv
                0x0000000008001710       0x50 ./Core/Src/DHT.o
                0x0000000008001710                DHT::Dht_readAsync()
 .text._ZN3DHT19Dht_onGpioInterruptEt
                0x0000000008001760      0x138 ./Core/Src/DHT.o
                0x0000000008001760                DHT::Dht_onGpioInterrupt(unsigned short)
 .text._ZN3DHT11Dht_hasDataEv
                0x0000000008001898       0x3c ./Core/Src/DHT.o
                0x0000000008001898                DHT::Dht_hasData()
 .text._ZN3DHT15get_temperatureEv
                0x00000000080018d4       0x24 ./Core/Src/DHT.o
                0x00000000080018d4                DHT::get_temperature()
 .text._ZN3LEDC2EP12GPIO_TypeDeft
                0x00000000080018f8       0x34 ./Core/Src/LED.o
                0x00000000080018f8                LED::LED(GPIO_TypeDef*, unsigned short)
                0x00000000080018f8                LED::LED(GPIO_TypeDef*, unsigned short)
 .text._ZN3LED6Led_OnEv
                0x000000000800192c       0x26 ./Core/Src/LED.o
                0x000000000800192c                LED::Led_On()
 .text._ZN3LED7Led_OffEv
                0x0000000008001952       0x26 ./Core/Src/LED.o
                0x0000000008001952                LED::Led_Off()
 .text._ZN3LED9Led_BlinkEv
                0x0000000008001978       0x2a ./Core/Src/LED.o
                0x0000000008001978                LED::Led_Blink()
 .text._ZN3LED8Is_blinkEv
                0x00000000080019a2       0x1a ./Core/Src/LED.o
                0x00000000080019a2                LED::Is_blink()
 .text._ZN3LED8getStateEv
                0x00000000080019bc       0x18 ./Core/Src/LED.o
                0x00000000080019bc                LED::getState()
 .text._ZN4_RTCC2EP19__I2C_HandleTypeDefm
                0x00000000080019d4       0x28 ./Core/Src/Rtc.o
                0x00000000080019d4                _RTC::_RTC(__I2C_HandleTypeDef*, unsigned long)
                0x00000000080019d4                _RTC::_RTC(__I2C_HandleTypeDef*, unsigned long)
 .text._ZN4_RTC8rtcStartEv
                0x00000000080019fc       0x5e ./Core/Src/Rtc.o
                0x00000000080019fc                _RTC::rtcStart()
 .text._ZN4_RTC7rtcStopEv
                0x0000000008001a5a       0x5e ./Core/Src/Rtc.o
                0x0000000008001a5a                _RTC::rtcStop()
 .text._ZL8bcdToInth
                0x0000000008001ab8       0x30 ./Core/Src/Rtc.o
 .text._ZL8intToBcdiii
                0x0000000008001ae8       0x64 ./Core/Src/Rtc.o
 .text._ZN4_RTC10rtcGetTimeEv
                0x0000000008001b4c       0xfc ./Core/Src/Rtc.o
                0x0000000008001b4c                _RTC::rtcGetTime()
 .text._ZN4_RTC10rtcSetTimeEP9DateTime_
                0x0000000008001c48       0xf8 ./Core/Src/Rtc.o
                0x0000000008001c48                _RTC::rtcSetTime(DateTime_*)
 .text._ZN12CliContainer9doCommandEPcS0_
                0x0000000008001d40       0x68 ./Core/Src/comtask.o
                0x0000000008001d40                CliContainer::doCommand(char*, char*)
 .text._Z8commTaskv
                0x0000000008001da8      0x108 ./Core/Src/comtask.o
                0x0000000008001da8                commTask()
 .text._Z13handleCommandv
                0x0000000008001eb0       0x38 ./Core/Src/comtask.o
                0x0000000008001eb0                handleCommand()
 .text.main     0x0000000008001ee8       0xc0 ./Core/Src/main.o
                0x0000000008001ee8                main
 .text.SystemClock_Config
                0x0000000008001fa8       0xa2 ./Core/Src/main.o
                0x0000000008001fa8                SystemClock_Config
 *fill*         0x000000000800204a        0x2 
 .text.MX_I2C1_Init
                0x000000000800204c       0x80 ./Core/Src/main.o
 .text.MX_SPI1_Init
                0x00000000080020cc       0x7c ./Core/Src/main.o
 .text.MX_TIM1_Init
                0x0000000008002148       0xa8 ./Core/Src/main.o
 .text.MX_TIM3_Init
                0x00000000080021f0       0xf0 ./Core/Src/main.o
 .text.MX_TIM6_Init
                0x00000000080022e0       0x6c ./Core/Src/main.o
 .text.MX_USART2_UART_Init
                0x000000000800234c       0x60 ./Core/Src/main.o
 .text.MX_GPIO_Init
                0x00000000080023ac      0x150 ./Core/Src/main.o
 .text.HAL_TIM_PeriodElapsedCallback
                0x00000000080024fc       0x28 ./Core/Src/main.o
                0x00000000080024fc                HAL_TIM_PeriodElapsedCallback
 .text.Error_Handler
                0x0000000008002524        0xa ./Core/Src/main.o
                0x0000000008002524                Error_Handler
 .text._ZN6BUZZERC2EP17TIM_HandleTypeDef
                0x000000000800252e       0x18 ./Core/Src/mybuzzer.o
                0x000000000800252e                BUZZER::BUZZER(TIM_HandleTypeDef*)
                0x000000000800252e                BUZZER::BUZZER(TIM_HandleTypeDef*)
 *fill*         0x0000000008002546        0x2 
 .text._ZN6BUZZER15buzzerStartPlayEv
                0x0000000008002548       0x30 ./Core/Src/mybuzzer.o
                0x0000000008002548                BUZZER::buzzerStartPlay()
 .text._ZN6BUZZER14buzzerStopPlayEv
                0x0000000008002578       0x24 ./Core/Src/mybuzzer.o
                0x0000000008002578                BUZZER::buzzerStopPlay()
 .text._ZN12CliContainerC2Ev
                0x000000000800259c       0x1e ./Core/Src/mymain.o
                0x000000000800259c                CliContainer::CliContainer()
                0x000000000800259c                CliContainer::CliContainer()
 .text._ZN12CliContainerD2Ev
                0x00000000080025ba       0x16 ./Core/Src/mymain.o
                0x00000000080025ba                CliContainer::~CliContainer()
                0x00000000080025ba                CliContainer::~CliContainer()
 .text._ZN7Monitor10thresholdsC2Ev
                0x00000000080025d0       0x38 ./Core/Src/mymain.o
                0x00000000080025d0                Monitor::thresholds::thresholds()
                0x00000000080025d0                Monitor::thresholds::thresholds()
 .text._ZN7MonitorC2Ev
                0x0000000008002608       0x1a ./Core/Src/mymain.o
                0x0000000008002608                Monitor::Monitor()
                0x0000000008002608                Monitor::Monitor()
 .text._ZN7Monitor10getwarningEv
                0x0000000008002622       0x24 ./Core/Src/mymain.o
                0x0000000008002622                Monitor::getwarning()
 .text._ZN7Monitor11getcriticalEv
                0x0000000008002646       0x24 ./Core/Src/mymain.o
                0x0000000008002646                Monitor::getcritical()
 .text._ZN7Monitor8getstateEv
                0x000000000800266a       0x18 ./Core/Src/mymain.o
                0x000000000800266a                Monitor::getstate()
 .text._ZN7Monitor8setstateE9dht_STATE
                0x0000000008002682       0x1e ./Core/Src/mymain.o
                0x0000000008002682                Monitor::setstate(dht_STATE)
 .text._write   0x00000000080026a0       0x2c ./Core/Src/mymain.o
                0x00000000080026a0                _write
 .text.HAL_GPIO_EXTI_Callback
                0x00000000080026cc       0x50 ./Core/Src/mymain.o
                0x00000000080026cc                HAL_GPIO_EXTI_Callback
 .text.mycallback
                0x000000000800271c        0xe ./Core/Src/mymain.o
                0x000000000800271c                mycallback
 *fill*         0x000000000800272a        0x2 
 .text.mymaininit
                0x000000000800272c       0x38 ./Core/Src/mymain.o
                0x000000000800272c                mymaininit
 .text.READ_TEMP_func
                0x0000000008002764      0x128 ./Core/Src/mymain.o
                0x0000000008002764                READ_TEMP_func
 .text.comtask_func
                0x000000000800288c       0x22 ./Core/Src/mymain.o
                0x000000000800288c                comtask_func
 *fill*         0x00000000080028ae        0x2 
 .text.monitor_func
                0x00000000080028b0       0x2c ./Core/Src/mymain.o
                0x00000000080028b0                monitor_func
 .text.blink_func
                0x00000000080028dc       0x30 ./Core/Src/mymain.o
                0x00000000080028dc                blink_func
 .text._Z41__static_initialization_and_destruction_0ii
                0x000000000800290c       0x94 ./Core/Src/mymain.o
 .text._GLOBAL__sub_I_dht
                0x00000000080029a0       0x10 ./Core/Src/mymain.o
 .text._GLOBAL__sub_D_dht
                0x00000000080029b0       0x10 ./Core/Src/mymain.o
 .text.HAL_MspInit
                0x00000000080029c0       0x50 ./Core/Src/stm32l4xx_hal_msp.o
                0x00000000080029c0                HAL_MspInit
 .text.HAL_I2C_MspInit
                0x0000000008002a10       0xbc ./Core/Src/stm32l4xx_hal_msp.o
                0x0000000008002a10                HAL_I2C_MspInit
 .text.HAL_SPI_MspInit
                0x0000000008002acc       0x84 ./Core/Src/stm32l4xx_hal_msp.o
                0x0000000008002acc                HAL_SPI_MspInit
 .text.HAL_TIM_Base_MspInit
                0x0000000008002b50       0xbc ./Core/Src/stm32l4xx_hal_msp.o
                0x0000000008002b50                HAL_TIM_Base_MspInit
 .text.HAL_TIM_MspPostInit
                0x0000000008002c0c       0x70 ./Core/Src/stm32l4xx_hal_msp.o
                0x0000000008002c0c                HAL_TIM_MspPostInit
 .text.HAL_UART_MspInit
                0x0000000008002c7c       0xc8 ./Core/Src/stm32l4xx_hal_msp.o
                0x0000000008002c7c                HAL_UART_MspInit
 .text.HAL_InitTick
                0x0000000008002d44       0xac ./Core/Src/stm32l4xx_hal_timebase_tim.o
                0x0000000008002d44                HAL_InitTick
 .text.NMI_Handler
                0x0000000008002df0        0x6 ./Core/Src/stm32l4xx_it.o
                0x0000000008002df0                NMI_Handler
 .text.HardFault_Handler
                0x0000000008002df6        0x6 ./Core/Src/stm32l4xx_it.o
                0x0000000008002df6                HardFault_Handler
 .text.MemManage_Handler
                0x0000000008002dfc        0x6 ./Core/Src/stm32l4xx_it.o
                0x0000000008002dfc                MemManage_Handler
 .text.BusFault_Handler
                0x0000000008002e02        0x6 ./Core/Src/stm32l4xx_it.o
                0x0000000008002e02                BusFault_Handler
 .text.UsageFault_Handler
                0x0000000008002e08        0x6 ./Core/Src/stm32l4xx_it.o
                0x0000000008002e08                UsageFault_Handler
 .text.DebugMon_Handler
                0x0000000008002e0e        0xe ./Core/Src/stm32l4xx_it.o
                0x0000000008002e0e                DebugMon_Handler
 .text.EXTI9_5_IRQHandler
                0x0000000008002e1c        0xe ./Core/Src/stm32l4xx_it.o
                0x0000000008002e1c                EXTI9_5_IRQHandler
 *fill*         0x0000000008002e2a        0x2 
 .text.TIM1_UP_TIM16_IRQHandler
                0x0000000008002e2c       0x1c ./Core/Src/stm32l4xx_it.o
                0x0000000008002e2c                TIM1_UP_TIM16_IRQHandler
 .text.TIM3_IRQHandler
                0x0000000008002e48       0x14 ./Core/Src/stm32l4xx_it.o
                0x0000000008002e48                TIM3_IRQHandler
 .text.USART2_IRQHandler
                0x0000000008002e5c       0x14 ./Core/Src/stm32l4xx_it.o
                0x0000000008002e5c                USART2_IRQHandler
 .text.EXTI15_10_IRQHandler
                0x0000000008002e70       0x10 ./Core/Src/stm32l4xx_it.o
                0x0000000008002e70                EXTI15_10_IRQHandler
 .text.TIM6_DAC_IRQHandler
                0x0000000008002e80       0x14 ./Core/Src/stm32l4xx_it.o
                0x0000000008002e80                TIM6_DAC_IRQHandler
 .text._getpid  0x0000000008002e94       0x10 ./Core/Src/syscalls.o
                0x0000000008002e94                _getpid
 .text._kill    0x0000000008002ea4       0x20 ./Core/Src/syscalls.o
                0x0000000008002ea4                _kill
 .text._exit    0x0000000008002ec4       0x14 ./Core/Src/syscalls.o
                0x0000000008002ec4                _exit
 .text._read    0x0000000008002ed8       0x3a ./Core/Src/syscalls.o
                0x0000000008002ed8                _read
 .text._close   0x0000000008002f12       0x18 ./Core/Src/syscalls.o
                0x0000000008002f12                _close
 .text._fstat   0x0000000008002f2a       0x20 ./Core/Src/syscalls.o
                0x0000000008002f2a                _fstat
 .text._isatty  0x0000000008002f4a       0x16 ./Core/Src/syscalls.o
                0x0000000008002f4a                _isatty
 .text._lseek   0x0000000008002f60       0x1a ./Core/Src/syscalls.o
                0x0000000008002f60                _lseek
 *fill*         0x0000000008002f7a        0x2 
 .text._sbrk    0x0000000008002f7c       0x6c ./Core/Src/sysmem.o
                0x0000000008002f7c                _sbrk
 .text.SystemInit
                0x0000000008002fe8       0x24 ./Core/Src/system_stm32l4xx.o
                0x0000000008002fe8                SystemInit
 .text.Reset_Handler
                0x000000000800300c       0x50 ./Core/Startup/startup_stm32l476rgtx.o
                0x000000000800300c                Reset_Handler
 .text.Default_Handler
                0x000000000800305c        0x2 ./Core/Startup/startup_stm32l476rgtx.o
                0x000000000800305c                RTC_Alarm_IRQHandler
                0x000000000800305c                EXTI2_IRQHandler
                0x000000000800305c                TIM8_TRG_COM_IRQHandler
                0x000000000800305c                TIM8_CC_IRQHandler
                0x000000000800305c                TIM1_CC_IRQHandler
                0x000000000800305c                TSC_IRQHandler
                0x000000000800305c                TAMP_STAMP_IRQHandler
                0x000000000800305c                EXTI3_IRQHandler
                0x000000000800305c                LPTIM2_IRQHandler
                0x000000000800305c                DFSDM1_FLT1_IRQHandler
                0x000000000800305c                I2C3_ER_IRQHandler
                0x000000000800305c                DFSDM1_FLT2_IRQHandler
                0x000000000800305c                EXTI0_IRQHandler
                0x000000000800305c                I2C2_EV_IRQHandler
                0x000000000800305c                CAN1_RX0_IRQHandler
                0x000000000800305c                FPU_IRQHandler
                0x000000000800305c                ADC1_2_IRQHandler
                0x000000000800305c                SPI1_IRQHandler
                0x000000000800305c                TIM8_UP_IRQHandler
                0x000000000800305c                DMA2_Channel2_IRQHandler
                0x000000000800305c                DMA1_Channel4_IRQHandler
                0x000000000800305c                SAI2_IRQHandler
                0x000000000800305c                DFSDM1_FLT3_IRQHandler
                0x000000000800305c                USART3_IRQHandler
                0x000000000800305c                DMA1_Channel7_IRQHandler
                0x000000000800305c                CAN1_RX1_IRQHandler
                0x000000000800305c                LCD_IRQHandler
                0x000000000800305c                UART5_IRQHandler
                0x000000000800305c                ADC3_IRQHandler
                0x000000000800305c                TIM4_IRQHandler
                0x000000000800305c                DMA2_Channel1_IRQHandler
                0x000000000800305c                QUADSPI_IRQHandler
                0x000000000800305c                I2C1_EV_IRQHandler
                0x000000000800305c                DMA1_Channel6_IRQHandler
                0x000000000800305c                UART4_IRQHandler
                0x000000000800305c                DMA2_Channel4_IRQHandler
                0x000000000800305c                RCC_IRQHandler
                0x000000000800305c                DMA1_Channel1_IRQHandler
                0x000000000800305c                Default_Handler
                0x000000000800305c                DMA2_Channel7_IRQHandler
                0x000000000800305c                TIM7_IRQHandler
                0x000000000800305c                SDMMC1_IRQHandler
                0x000000000800305c                TIM5_IRQHandler
                0x000000000800305c                I2C3_EV_IRQHandler
                0x000000000800305c                RTC_WKUP_IRQHandler
                0x000000000800305c                PVD_PVM_IRQHandler
                0x000000000800305c                SPI2_IRQHandler
                0x000000000800305c                CAN1_TX_IRQHandler
                0x000000000800305c                DMA2_Channel5_IRQHandler
                0x000000000800305c                DMA1_Channel5_IRQHandler
                0x000000000800305c                EXTI4_IRQHandler
                0x000000000800305c                RNG_IRQHandler
                0x000000000800305c                TIM1_TRG_COM_TIM17_IRQHandler
                0x000000000800305c                DMA1_Channel3_IRQHandler
                0x000000000800305c                COMP_IRQHandler
                0x000000000800305c                WWDG_IRQHandler
                0x000000000800305c                LPUART1_IRQHandler
                0x000000000800305c                DMA2_Channel6_IRQHandler
                0x000000000800305c                TIM2_IRQHandler
                0x000000000800305c                EXTI1_IRQHandler
                0x000000000800305c                DFSDM1_FLT0_IRQHandler
                0x000000000800305c                I2C2_ER_IRQHandler
                0x000000000800305c                DMA1_Channel2_IRQHandler
                0x000000000800305c                TIM8_BRK_IRQHandler
                0x000000000800305c                CAN1_SCE_IRQHandler
                0x000000000800305c                FLASH_IRQHandler
                0x000000000800305c                USART1_IRQHandler
                0x000000000800305c                OTG_FS_IRQHandler
                0x000000000800305c                SPI3_IRQHandler
                0x000000000800305c                I2C1_ER_IRQHandler
                0x000000000800305c                FMC_IRQHandler
                0x000000000800305c                SWPMI1_IRQHandler
                0x000000000800305c                LPTIM1_IRQHandler
                0x000000000800305c                SAI1_IRQHandler
                0x000000000800305c                DMA2_Channel3_IRQHandler
                0x000000000800305c                TIM1_BRK_TIM15_IRQHandler
 *fill*         0x000000000800305e        0x2 
 .text.HAL_Init
                0x0000000008003060       0x40 ./Drivers/STM32L4xx_HAL_Driver/Src/stm32l4xx_hal.o
                0x0000000008003060                HAL_Init
 .text.HAL_IncTick
                0x00000000080030a0       0x28 ./Drivers/STM32L4xx_HAL_Driver/Src/stm32l4xx_hal.o
                0x00000000080030a0                HAL_IncTick
 .text.HAL_GetTick
                0x00000000080030c8       0x18 ./Drivers/STM32L4xx_HAL_Driver/Src/stm32l4xx_hal.o
                0x00000000080030c8                HAL_GetTick
 .text.HAL_Delay
                0x00000000080030e0       0x48 ./Drivers/STM32L4xx_HAL_Driver/Src/stm32l4xx_hal.o
                0x00000000080030e0                HAL_Delay
 .text.__NVIC_SetPriorityGrouping
                0x0000000008003128       0x48 ./Drivers/STM32L4xx_HAL_Driver/Src/stm32l4xx_hal_cortex.o
 .text.__NVIC_GetPriorityGrouping
                0x0000000008003170       0x1c ./Drivers/STM32L4xx_HAL_Driver/Src/stm32l4xx_hal_cortex.o
 .text.__NVIC_EnableIRQ
                0x000000000800318c       0x3c ./Drivers/STM32L4xx_HAL_Driver/Src/stm32l4xx_hal_cortex.o
 .text.__NVIC_SetPriority
                0x00000000080031c8       0x54 ./Drivers/STM32L4xx_HAL_Driver/Src/stm32l4xx_hal_cortex.o
 .text.NVIC_EncodePriority
                0x000000000800321c       0x66 ./Drivers/STM32L4xx_HAL_Driver/Src/stm32l4xx_hal_cortex.o
 .text.HAL_NVIC_SetPriorityGrouping
                0x0000000008003282       0x16 ./Drivers/STM32L4xx_HAL_Driver/Src/stm32l4xx_hal_cortex.o
                0x0000000008003282                HAL_NVIC_SetPriorityGrouping
 .text.HAL_NVIC_SetPriority
                0x0000000008003298       0x38 ./Drivers/STM32L4xx_HAL_Driver/Src/stm32l4xx_hal_cortex.o
                0x0000000008003298                HAL_NVIC_SetPriority
 .text.HAL_NVIC_EnableIRQ
                0x00000000080032d0       0x1c ./Drivers/STM32L4xx_HAL_Driver/Src/stm32l4xx_hal_cortex.o
                0x00000000080032d0                HAL_NVIC_EnableIRQ
 .text.HAL_DMA_Abort
                0x00000000080032ec       0x7c ./Drivers/STM32L4xx_HAL_Driver/Src/stm32l4xx_hal_dma.o
                0x00000000080032ec                HAL_DMA_Abort
 .text.HAL_DMA_Abort_IT
                0x0000000008003368       0x82 ./Drivers/STM32L4xx_HAL_Driver/Src/stm32l4xx_hal_dma.o
                0x0000000008003368                HAL_DMA_Abort_IT
 *fill*         0x00000000080033ea        0x2 
 .text.HAL_GPIO_Init
                0x00000000080033ec      0x354 ./Drivers/STM32L4xx_HAL_Driver/Src/stm32l4xx_hal_gpio.o
                0x00000000080033ec                HAL_GPIO_Init
 .text.HAL_GPIO_ReadPin
                0x0000000008003740       0x30 ./Drivers/STM32L4xx_HAL_Driver/Src/stm32l4xx_hal_gpio.o
                0x0000000008003740                HAL_GPIO_ReadPin
 .text.HAL_GPIO_WritePin
                0x0000000008003770       0x30 ./Drivers/STM32L4xx_HAL_Driver/Src/stm32l4xx_hal_gpio.o
                0x0000000008003770                HAL_GPIO_WritePin
 .text.HAL_GPIO_TogglePin
                0x00000000080037a0       0x34 ./Drivers/STM32L4xx_HAL_Driver/Src/stm32l4xx_hal_gpio.o
                0x00000000080037a0                HAL_GPIO_TogglePin
 .text.HAL_GPIO_EXTI_IRQHandler
                0x00000000080037d4       0x30 ./Drivers/STM32L4xx_HAL_Driver/Src/stm32l4xx_hal_gpio.o
                0x00000000080037d4                HAL_GPIO_EXTI_IRQHandler
 .text.HAL_I2C_Init
                0x0000000008003804      0x11e ./Drivers/STM32L4xx_HAL_Driver/Src/stm32l4xx_hal_i2c.o
                0x0000000008003804                HAL_I2C_Init
 *fill*         0x0000000008003922        0x2 
 .text.HAL_I2C_Mem_Write
                0x0000000008003924      0x228 ./Drivers/STM32L4xx_HAL_Driver/Src/stm32l4xx_hal_i2c.o
                0x0000000008003924                HAL_I2C_Mem_Write
 .text.HAL_I2C_Mem_Read
                0x0000000008003b4c      0x234 ./Drivers/STM32L4xx_HAL_Driver/Src/stm32l4xx_hal_i2c.o
                0x0000000008003b4c                HAL_I2C_Mem_Read
 .text.I2C_RequestMemoryWrite
                0x0000000008003d80       0xa8 ./Drivers/STM32L4xx_HAL_Driver/Src/stm32l4xx_hal_i2c.o
 .text.I2C_RequestMemoryRead
                0x0000000008003e28       0xa8 ./Drivers/STM32L4xx_HAL_Driver/Src/stm32l4xx_hal_i2c.o
 .text.I2C_Flush_TXDR
                0x0000000008003ed0       0x48 ./Drivers/STM32L4xx_HAL_Driver/Src/stm32l4xx_hal_i2c.o
 .text.I2C_WaitOnFlagUntilTimeout
                0x0000000008003f18       0x80 ./Drivers/STM32L4xx_HAL_Driver/Src/stm32l4xx_hal_i2c.o
 .text.I2C_WaitOnTXISFlagUntilTimeout
                0x0000000008003f98       0x80 ./Drivers/STM32L4xx_HAL_Driver/Src/stm32l4xx_hal_i2c.o
 .text.I2C_WaitOnSTOPFlagUntilTimeout
                0x0000000008004018       0x78 ./Drivers/STM32L4xx_HAL_Driver/Src/stm32l4xx_hal_i2c.o
 .text.I2C_IsErrorOccurred
                0x0000000008004090      0x1d8 ./Drivers/STM32L4xx_HAL_Driver/Src/stm32l4xx_hal_i2c.o
 .text.I2C_TransferConfig
                0x0000000008004268       0x64 ./Drivers/STM32L4xx_HAL_Driver/Src/stm32l4xx_hal_i2c.o
 .text.HAL_I2CEx_ConfigAnalogFilter
                0x00000000080042cc       0x96 ./Drivers/STM32L4xx_HAL_Driver/Src/stm32l4xx_hal_i2c_ex.o
                0x00000000080042cc                HAL_I2CEx_ConfigAnalogFilter
 .text.HAL_I2CEx_ConfigDigitalFilter
                0x0000000008004362       0x98 ./Drivers/STM32L4xx_HAL_Driver/Src/stm32l4xx_hal_i2c_ex.o
                0x0000000008004362                HAL_I2CEx_ConfigDigitalFilter
 *fill*         0x00000000080043fa        0x2 
 .text.HAL_PWREx_GetVoltageRange
                0x00000000080043fc       0x1c ./Drivers/STM32L4xx_HAL_Driver/Src/stm32l4xx_hal_pwr_ex.o
                0x00000000080043fc                HAL_PWREx_GetVoltageRange
 .text.HAL_PWREx_ControlVoltageScaling
                0x0000000008004418       0xac ./Drivers/STM32L4xx_HAL_Driver/Src/stm32l4xx_hal_pwr_ex.o
                0x0000000008004418                HAL_PWREx_ControlVoltageScaling
 .text.HAL_RCC_OscConfig
                0x00000000080044c4      0x7b8 ./Drivers/STM32L4xx_HAL_Driver/Src/stm32l4xx_hal_rcc.o
                0x00000000080044c4                HAL_RCC_OscConfig
 .text.HAL_RCC_ClockConfig
                0x0000000008004c7c      0x200 ./Drivers/STM32L4xx_HAL_Driver/Src/stm32l4xx_hal_rcc.o
                0x0000000008004c7c                HAL_RCC_ClockConfig
 .text.HAL_RCC_GetSysClockFreq
                0x0000000008004e7c      0x118 ./Drivers/STM32L4xx_HAL_Driver/Src/stm32l4xx_hal_rcc.o
                0x0000000008004e7c                HAL_RCC_GetSysClockFreq
 .text.HAL_RCC_GetHCLKFreq
                0x0000000008004f94       0x18 ./Drivers/STM32L4xx_HAL_Driver/Src/stm32l4xx_hal_rcc.o
                0x0000000008004f94                HAL_RCC_GetHCLKFreq
 .text.HAL_RCC_GetPCLK1Freq
                0x0000000008004fac       0x2c ./Drivers/STM32L4xx_HAL_Driver/Src/stm32l4xx_hal_rcc.o
                0x0000000008004fac                HAL_RCC_GetPCLK1Freq
 .text.HAL_RCC_GetPCLK2Freq
                0x0000000008004fd8       0x2c ./Drivers/STM32L4xx_HAL_Driver/Src/stm32l4xx_hal_rcc.o
                0x0000000008004fd8                HAL_RCC_GetPCLK2Freq
 .text.HAL_RCC_GetClockConfig
                0x0000000008005004       0x64 ./Drivers/STM32L4xx_HAL_Driver/Src/stm32l4xx_hal_rcc.o
                0x0000000008005004                HAL_RCC_GetClockConfig
 .text.RCC_SetFlashLatencyFromMSIRange
                0x0000000008005068       0xc0 ./Drivers/STM32L4xx_HAL_Driver/Src/stm32l4xx_hal_rcc.o
 .text.HAL_RCCEx_PeriphCLKConfig
                0x0000000008005128      0x5d4 ./Drivers/STM32L4xx_HAL_Driver/Src/stm32l4xx_hal_rcc_ex.o
                0x0000000008005128                HAL_RCCEx_PeriphCLKConfig
 .text.RCCEx_PLLSAI1_Config
                0x00000000080056fc      0x1e8 ./Drivers/STM32L4xx_HAL_Driver/Src/stm32l4xx_hal_rcc_ex.o
 .text.RCCEx_PLLSAI2_Config
                0x00000000080058e4      0x1bc ./Drivers/STM32L4xx_HAL_Driver/Src/stm32l4xx_hal_rcc_ex.o
 .text.HAL_SPI_Init
                0x0000000008005aa0      0x146 ./Drivers/STM32L4xx_HAL_Driver/Src/stm32l4xx_hal_spi.o
                0x0000000008005aa0                HAL_SPI_Init
 .text.HAL_SPI_TransmitReceive
                0x0000000008005be6      0x426 ./Drivers/STM32L4xx_HAL_Driver/Src/stm32l4xx_hal_spi.o
                0x0000000008005be6                HAL_SPI_TransmitReceive
 .text.SPI_WaitFlagStateUntilTimeout
                0x000000000800600c      0x110 ./Drivers/STM32L4xx_HAL_Driver/Src/stm32l4xx_hal_spi.o
 .text.SPI_WaitFifoStateUntilTimeout
                0x000000000800611c      0x12c ./Drivers/STM32L4xx_HAL_Driver/Src/stm32l4xx_hal_spi.o
 .text.SPI_EndRxTxTransaction
                0x0000000008006248       0x8c ./Drivers/STM32L4xx_HAL_Driver/Src/stm32l4xx_hal_spi.o
 .text.HAL_TIM_Base_Init
                0x00000000080062d4       0xae ./Drivers/STM32L4xx_HAL_Driver/Src/stm32l4xx_hal_tim.o
                0x00000000080062d4                HAL_TIM_Base_Init
 *fill*         0x0000000008006382        0x2 
 .text.HAL_TIM_Base_Start
                0x0000000008006384       0xd0 ./Drivers/STM32L4xx_HAL_Driver/Src/stm32l4xx_hal_tim.o
                0x0000000008006384                HAL_TIM_Base_Start
 .text.HAL_TIM_Base_Stop
                0x0000000008006454       0x4e ./Drivers/STM32L4xx_HAL_Driver/Src/stm32l4xx_hal_tim.o
                0x0000000008006454                HAL_TIM_Base_Stop
 *fill*         0x00000000080064a2        0x2 
 .text.HAL_TIM_Base_Start_IT
                0x00000000080064a4       0xe0 ./Drivers/STM32L4xx_HAL_Driver/Src/stm32l4xx_hal_tim.o
                0x00000000080064a4                HAL_TIM_Base_Start_IT
 .text.HAL_TIM_PWM_Init
                0x0000000008006584       0xae ./Drivers/STM32L4xx_HAL_Driver/Src/stm32l4xx_hal_tim.o
                0x0000000008006584                HAL_TIM_PWM_Init
 .text.HAL_TIM_PWM_MspInit
                0x0000000008006632       0x14 ./Drivers/STM32L4xx_HAL_Driver/Src/stm32l4xx_hal_tim.o
                0x0000000008006632                HAL_TIM_PWM_MspInit
 *fill*         0x0000000008006646        0x2 
 .text.HAL_TIM_PWM_Start
                0x0000000008006648      0x20c ./Drivers/STM32L4xx_HAL_Driver/Src/stm32l4xx_hal_tim.o
                0x0000000008006648                HAL_TIM_PWM_Start
 .text.HAL_TIM_PWM_Stop
                0x0000000008006854      0x12c ./Drivers/STM32L4xx_HAL_Driver/Src/stm32l4xx_hal_tim.o
                0x0000000008006854                HAL_TIM_PWM_Stop
 .text.HAL_TIM_IRQHandler
                0x0000000008006980      0x23e ./Drivers/STM32L4xx_HAL_Driver/Src/stm32l4xx_hal_tim.o
                0x0000000008006980                HAL_TIM_IRQHandler
 *fill*         0x0000000008006bbe        0x2 
 .text.HAL_TIM_PWM_ConfigChannel
                0x0000000008006bc0      0x228 ./Drivers/STM32L4xx_HAL_Driver/Src/stm32l4xx_hal_tim.o
                0x0000000008006bc0                HAL_TIM_PWM_ConfigChannel
 .text.HAL_TIM_ConfigClockSource
                0x0000000008006de8      0x192 ./Drivers/STM32L4xx_HAL_Driver/Src/stm32l4xx_hal_tim.o
                0x0000000008006de8                HAL_TIM_ConfigClockSource
 .text.HAL_TIM_OC_DelayElapsedCallback
                0x0000000008006f7a       0x14 ./Drivers/STM32L4xx_HAL_Driver/Src/stm32l4xx_hal_tim.o
                0x0000000008006f7a                HAL_TIM_OC_DelayElapsedCallback
 .text.HAL_TIM_IC_CaptureCallback
                0x0000000008006f8e       0x14 ./Drivers/STM32L4xx_HAL_Driver/Src/stm32l4xx_hal_tim.o
                0x0000000008006f8e                HAL_TIM_IC_CaptureCallback
 .text.HAL_TIM_PWM_PulseFinishedCallback
                0x0000000008006fa2       0x14 ./Drivers/STM32L4xx_HAL_Driver/Src/stm32l4xx_hal_tim.o
                0x0000000008006fa2                HAL_TIM_PWM_PulseFinishedCallback
 .text.HAL_TIM_TriggerCallback
                0x0000000008006fb6       0x14 ./Drivers/STM32L4xx_HAL_Driver/Src/stm32l4xx_hal_tim.o
                0x0000000008006fb6                HAL_TIM_TriggerCallback
 *fill*         0x0000000008006fca        0x2 
 .text.TIM_Base_SetConfig
                0x0000000008006fcc      0x134 ./Drivers/STM32L4xx_HAL_Driver/Src/stm32l4xx_hal_tim.o
                0x0000000008006fcc                TIM_Base_SetConfig
 .text.TIM_OC1_SetConfig
                0x0000000008007100      0x120 ./Drivers/STM32L4xx_HAL_Driver/Src/stm32l4xx_hal_tim.o
 .text.TIM_OC2_SetConfig
                0x0000000008007220      0x114 ./Drivers/STM32L4xx_HAL_Driver/Src/stm32l4xx_hal_tim.o
                0x0000000008007220                TIM_OC2_SetConfig
 .text.TIM_OC3_SetConfig
                0x0000000008007334      0x110 ./Drivers/STM32L4xx_HAL_Driver/Src/stm32l4xx_hal_tim.o
 .text.TIM_OC4_SetConfig
                0x0000000008007444       0xd4 ./Drivers/STM32L4xx_HAL_Driver/Src/stm32l4xx_hal_tim.o
 .text.TIM_OC5_SetConfig
                0x0000000008007518       0xc8 ./Drivers/STM32L4xx_HAL_Driver/Src/stm32l4xx_hal_tim.o
 .text.TIM_OC6_SetConfig
                0x00000000080075e0       0xcc ./Drivers/STM32L4xx_HAL_Driver/Src/stm32l4xx_hal_tim.o
 .text.TIM_TI1_ConfigInputStage
                0x00000000080076ac       0x5e ./Drivers/STM32L4xx_HAL_Driver/Src/stm32l4xx_hal_tim.o
 .text.TIM_TI2_ConfigInputStage
                0x000000000800770a       0x60 ./Drivers/STM32L4xx_HAL_Driver/Src/stm32l4xx_hal_tim.o
 .text.TIM_ITRx_SetConfig
                0x000000000800776a       0x36 ./Drivers/STM32L4xx_HAL_Driver/Src/stm32l4xx_hal_tim.o
 .text.TIM_ETR_SetConfig
                0x00000000080077a0       0x40 ./Drivers/STM32L4xx_HAL_Driver/Src/stm32l4xx_hal_tim.o
                0x00000000080077a0                TIM_ETR_SetConfig
 .text.TIM_CCxChannelCmd
                0x00000000080077e0       0x4a ./Drivers/STM32L4xx_HAL_Driver/Src/stm32l4xx_hal_tim.o
                0x00000000080077e0                TIM_CCxChannelCmd
 *fill*         0x000000000800782a        0x2 
 .text.HAL_TIMEx_MasterConfigSynchronization
                0x000000000800782c      0x110 ./Drivers/STM32L4xx_HAL_Driver/Src/stm32l4xx_hal_tim_ex.o
                0x000000000800782c                HAL_TIMEx_MasterConfigSynchronization
 .text.HAL_TIMEx_CommutCallback
                0x000000000800793c       0x14 ./Drivers/STM32L4xx_HAL_Driver/Src/stm32l4xx_hal_tim_ex.o
                0x000000000800793c                HAL_TIMEx_CommutCallback
 .text.HAL_TIMEx_BreakCallback
                0x0000000008007950       0x14 ./Drivers/STM32L4xx_HAL_Driver/Src/stm32l4xx_hal_tim_ex.o
                0x0000000008007950                HAL_TIMEx_BreakCallback
 .text.HAL_TIMEx_Break2Callback
                0x0000000008007964       0x14 ./Drivers/STM32L4xx_HAL_Driver/Src/stm32l4xx_hal_tim_ex.o
                0x0000000008007964                HAL_TIMEx_Break2Callback
 .text.HAL_UART_Init
                0x0000000008007978       0x9c ./Drivers/STM32L4xx_HAL_Driver/Src/stm32l4xx_hal_uart.o
                0x0000000008007978                HAL_UART_Init
 .text.HAL_UART_Transmit
                0x0000000008007a14      0x128 ./Drivers/STM32L4xx_HAL_Driver/Src/stm32l4xx_hal_uart.o
                0x0000000008007a14                HAL_UART_Transmit
 .text.HAL_UART_Receive
                0x0000000008007b3c      0x1a2 ./Drivers/STM32L4xx_HAL_Driver/Src/stm32l4xx_hal_uart.o
                0x0000000008007b3c                HAL_UART_Receive
 *fill*         0x0000000008007cde        0x2 
 .text.HAL_UART_IRQHandler
                0x0000000008007ce0      0x5c4 ./Drivers/STM32L4xx_HAL_Driver/Src/stm32l4xx_hal_uart.o
                0x0000000008007ce0                HAL_UART_IRQHandler
 .text.HAL_UART_TxCpltCallback
                0x00000000080082a4       0x14 ./Drivers/STM32L4xx_HAL_Driver/Src/stm32l4xx_hal_uart.o
                0x00000000080082a4                HAL_UART_TxCpltCallback
 .text.HAL_UART_ErrorCallback
                0x00000000080082b8       0x14 ./Drivers/STM32L4xx_HAL_Driver/Src/stm32l4xx_hal_uart.o
                0x00000000080082b8                HAL_UART_ErrorCallback
 .text.HAL_UARTEx_RxEventCallback
                0x00000000080082cc       0x18 ./Drivers/STM32L4xx_HAL_Driver/Src/stm32l4xx_hal_uart.o
                0x00000000080082cc                HAL_UARTEx_RxEventCallback
 .text.UART_SetConfig
                0x00000000080082e4      0x570 ./Drivers/STM32L4xx_HAL_Driver/Src/stm32l4xx_hal_uart.o
                0x00000000080082e4                UART_SetConfig
 .text.UART_AdvFeatureConfig
                0x0000000008008854      0x144 ./Drivers/STM32L4xx_HAL_Driver/Src/stm32l4xx_hal_uart.o
                0x0000000008008854                UART_AdvFeatureConfig
 .text.UART_CheckIdleState
                0x0000000008008998       0x92 ./Drivers/STM32L4xx_HAL_Driver/Src/stm32l4xx_hal_uart.o
                0x0000000008008998                UART_CheckIdleState
 .text.UART_WaitOnFlagUntilTimeout
                0x0000000008008a2a      0x188 ./Drivers/STM32L4xx_HAL_Driver/Src/stm32l4xx_hal_uart.o
                0x0000000008008a2a                UART_WaitOnFlagUntilTimeout
 .text.UART_EndRxTransfer
                0x0000000008008bb2       0xc6 ./Drivers/STM32L4xx_HAL_Driver/Src/stm32l4xx_hal_uart.o
 .text.UART_DMAAbortOnError
                0x0000000008008c78       0x2c ./Drivers/STM32L4xx_HAL_Driver/Src/stm32l4xx_hal_uart.o
 .text.UART_EndTransmit_IT
                0x0000000008008ca4       0x54 ./Drivers/STM32L4xx_HAL_Driver/Src/stm32l4xx_hal_uart.o
 .text.HAL_UARTEx_WakeupCallback
                0x0000000008008cf8       0x14 ./Drivers/STM32L4xx_HAL_Driver/Src/stm32l4xx_hal_uart_ex.o
                0x0000000008008cf8                HAL_UARTEx_WakeupCallback
 .text.MX_FATFS_Init
                0x0000000008008d0c       0x24 ./FATFS/App/fatfs.o
                0x0000000008008d0c                MX_FATFS_Init
 .text.USER_initialize
                0x0000000008008d30       0x28 ./FATFS/Target/user_diskio.o
                0x0000000008008d30                USER_initialize
 .text.USER_status
                0x0000000008008d58       0x28 ./FATFS/Target/user_diskio.o
                0x0000000008008d58                USER_status
 .text.USER_read
                0x0000000008008d80       0x26 ./FATFS/Target/user_diskio.o
                0x0000000008008d80                USER_read
 .text.USER_write
                0x0000000008008da6       0x26 ./FATFS/Target/user_diskio.o
                0x0000000008008da6                USER_write
 .text.USER_ioctl
                0x0000000008008dcc       0x2a ./FATFS/Target/user_diskio.o
                0x0000000008008dcc                USER_ioctl
 *fill*         0x0000000008008df6        0x2 
 .text.SPI_Timer_On
                0x0000000008008df8       0x28 ./FATFS/Target/user_diskio_spi.o
                0x0000000008008df8                SPI_Timer_On
 .text.SPI_Timer_Status
                0x0000000008008e20       0x2c ./FATFS/Target/user_diskio_spi.o
                0x0000000008008e20                SPI_Timer_Status
 .text.xchg_spi
                0x0000000008008e4c       0x2c ./FATFS/Target/user_diskio_spi.o
 .text.rcvr_spi_multi
                0x0000000008008e78       0x38 ./FATFS/Target/user_diskio_spi.o
 .text.xmit_spi_multi
                0x0000000008008eb0       0x36 ./FATFS/Target/user_diskio_spi.o
 .text.wait_ready
                0x0000000008008ee6       0x46 ./FATFS/Target/user_diskio_spi.o
 .text.despiselect
                0x0000000008008f2c       0x1c ./FATFS/Target/user_diskio_spi.o
 .text.spiselect
                0x0000000008008f48       0x34 ./FATFS/Target/user_diskio_spi.o
 .text.rcvr_datablock
                0x0000000008008f7c       0x52 ./FATFS/Target/user_diskio_spi.o
 .text.xmit_datablock
                0x0000000008008fce       0x64 ./FATFS/Target/user_diskio_spi.o
 .text.send_cmd
                0x0000000008009032       0xde ./FATFS/Target/user_diskio_spi.o
 .text.USER_SPI_initialize
                0x0000000008009110      0x1d4 ./FATFS/Target/user_diskio_spi.o
                0x0000000008009110                USER_SPI_initialize
 .text.USER_SPI_status
                0x00000000080092e4       0x2c ./FATFS/Target/user_diskio_spi.o
                0x00000000080092e4                USER_SPI_status
 .text.USER_SPI_read
                0x0000000008009310       0xcc ./FATFS/Target/user_diskio_spi.o
                0x0000000008009310                USER_SPI_read
 .text.USER_SPI_write
                0x00000000080093dc       0xf8 ./FATFS/Target/user_diskio_spi.o
                0x00000000080093dc                USER_SPI_write
 .text.USER_SPI_ioctl
                0x00000000080094d4      0x2e0 ./FATFS/Target/user_diskio_spi.o
                0x00000000080094d4                USER_SPI_ioctl
 .text.FATFS_LinkDriverEx
                0x00000000080097b4       0x98 ./Middlewares/Third_Party/FatFs/src/ff_gen_drv.o
                0x00000000080097b4                FATFS_LinkDriverEx
 .text.FATFS_LinkDriver
                0x000000000800984c       0x1e ./Middlewares/Third_Party/FatFs/src/ff_gen_drv.o
                0x000000000800984c                FATFS_LinkDriver
 *fill*         0x000000000800986a        0x2 
 .text.__NVIC_SetPriority
                0x000000000800986c       0x54 ./Middlewares/Third_Party/FreeRTOS/Source/CMSIS_RTOS_V2/cmsis_os2.o
 .text.SysTick_Handler
                0x00000000080098c0       0x20 ./Middlewares/Third_Party/FreeRTOS/Source/CMSIS_RTOS_V2/cmsis_os2.o
                0x00000000080098c0                SysTick_Handler
 .text.SVC_Setup
                0x00000000080098e0       0x12 ./Middlewares/Third_Party/FreeRTOS/Source/CMSIS_RTOS_V2/cmsis_os2.o
 *fill*         0x00000000080098f2        0x2 
 .text.osKernelInitialize
                0x00000000080098f4       0x48 ./Middlewares/Third_Party/FreeRTOS/Source/CMSIS_RTOS_V2/cmsis_os2.o
                0x00000000080098f4                osKernelInitialize
 .text.osKernelStart
                0x000000000800993c       0x4c ./Middlewares/Third_Party/FreeRTOS/Source/CMSIS_RTOS_V2/cmsis_os2.o
                0x000000000800993c                osKernelStart
 .text.osThreadNew
                0x0000000008009988      0x124 ./Middlewares/Third_Party/FreeRTOS/Source/CMSIS_RTOS_V2/cmsis_os2.o
                0x0000000008009988                osThreadNew
 .text.osThreadYield
                0x0000000008009aac       0x40 ./Middlewares/Third_Party/FreeRTOS/Source/CMSIS_RTOS_V2/cmsis_os2.o
                0x0000000008009aac                osThreadYield
 .text.osDelay  0x0000000008009aec       0x36 ./Middlewares/Third_Party/FreeRTOS/Source/CMSIS_RTOS_V2/cmsis_os2.o
                0x0000000008009aec                osDelay
 .text.osSemaphoreNew
                0x0000000008009b22      0x112 ./Middlewares/Third_Party/FreeRTOS/Source/CMSIS_RTOS_V2/cmsis_os2.o
                0x0000000008009b22                osSemaphoreNew
 .text.osSemaphoreAcquire
                0x0000000008009c34       0xa4 ./Middlewares/Third_Party/FreeRTOS/Source/CMSIS_RTOS_V2/cmsis_os2.o
                0x0000000008009c34                osSemaphoreAcquire
 .text.osSemaphoreRelease
                0x0000000008009cd8       0x88 ./Middlewares/Third_Party/FreeRTOS/Source/CMSIS_RTOS_V2/cmsis_os2.o
                0x0000000008009cd8                osSemaphoreRelease
 .text.vApplicationGetIdleTaskMemory
                0x0000000008009d60       0x34 ./Middlewares/Third_Party/FreeRTOS/Source/CMSIS_RTOS_V2/cmsis_os2.o
                0x0000000008009d60                vApplicationGetIdleTaskMemory
 .text.vApplicationGetTimerTaskMemory
                0x0000000008009d94       0x34 ./Middlewares/Third_Party/FreeRTOS/Source/CMSIS_RTOS_V2/cmsis_os2.o
                0x0000000008009d94                vApplicationGetTimerTaskMemory
 .text.vListInitialise
                0x0000000008009dc8       0x40 ./Middlewares/Third_Party/FreeRTOS/Source/list.o
                0x0000000008009dc8                vListInitialise
 .text.vListInitialiseItem
                0x0000000008009e08       0x1a ./Middlewares/Third_Party/FreeRTOS/Source/list.o
                0x0000000008009e08                vListInitialiseItem
 .text.vListInsertEnd
                0x0000000008009e22       0x48 ./Middlewares/Third_Party/FreeRTOS/Source/list.o
                0x0000000008009e22                vListInsertEnd
 .text.vListInsert
                0x0000000008009e6a       0x72 ./Middlewares/Third_Party/FreeRTOS/Source/list.o
                0x0000000008009e6a                vListInsert
 .text.uxListRemove
                0x0000000008009edc       0x54 ./Middlewares/Third_Party/FreeRTOS/Source/list.o
                0x0000000008009edc                uxListRemove
 .text.xQueueGenericReset
                0x0000000008009f30       0xd0 ./Middlewares/Third_Party/FreeRTOS/Source/queue.o
                0x0000000008009f30                xQueueGenericReset
 .text.xQueueGenericCreateStatic
                0x000000000800a000       0xf0 ./Middlewares/Third_Party/FreeRTOS/Source/queue.o
                0x000000000800a000                xQueueGenericCreateStatic
 .text.xQueueGenericCreate
                0x000000000800a0f0       0x74 ./Middlewares/Third_Party/FreeRTOS/Source/queue.o
                0x000000000800a0f0                xQueueGenericCreate
 .text.prvInitialiseNewQueue
                0x000000000800a164       0x46 ./Middlewares/Third_Party/FreeRTOS/Source/queue.o
 .text.xQueueCreateCountingSemaphoreStatic
                0x000000000800a1aa       0x6e ./Middlewares/Third_Party/FreeRTOS/Source/queue.o
                0x000000000800a1aa                xQueueCreateCountingSemaphoreStatic
 .text.xQueueCreateCountingSemaphore
                0x000000000800a218       0x66 ./Middlewares/Third_Party/FreeRTOS/Source/queue.o
                0x000000000800a218                xQueueCreateCountingSemaphore
 *fill*         0x000000000800a27e        0x2 
 .text.xQueueGenericSend
                0x000000000800a280      0x1fc ./Middlewares/Third_Party/FreeRTOS/Source/queue.o
                0x000000000800a280                xQueueGenericSend
 .text.xQueueGenericSendFromISR
                0x000000000800a47c      0x136 ./Middlewares/Third_Party/FreeRTOS/Source/queue.o
                0x000000000800a47c                xQueueGenericSendFromISR
 .text.xQueueGiveFromISR
                0x000000000800a5b2      0x11a ./Middlewares/Third_Party/FreeRTOS/Source/queue.o
                0x000000000800a5b2                xQueueGiveFromISR
 .text.xQueueReceive
                0x000000000800a6cc      0x1c0 ./Middlewares/Third_Party/FreeRTOS/Source/queue.o
                0x000000000800a6cc                xQueueReceive
 .text.xQueueSemaphoreTake
                0x000000000800a88c      0x218 ./Middlewares/Third_Party/FreeRTOS/Source/queue.o
                0x000000000800a88c                xQueueSemaphoreTake
 .text.xQueueReceiveFromISR
                0x000000000800aaa4      0x100 ./Middlewares/Third_Party/FreeRTOS/Source/queue.o
                0x000000000800aaa4                xQueueReceiveFromISR
 .text.vQueueDelete
                0x000000000800aba4       0x46 ./Middlewares/Third_Party/FreeRTOS/Source/queue.o
                0x000000000800aba4                vQueueDelete
 .text.prvGetDisinheritPriorityAfterTimeout
                0x000000000800abea       0x30 ./Middlewares/Third_Party/FreeRTOS/Source/queue.o
 .text.prvCopyDataToQueue
                0x000000000800ac1a       0xd4 ./Middlewares/Third_Party/FreeRTOS/Source/queue.o
 .text.prvCopyDataFromQueue
                0x000000000800acee       0x4c ./Middlewares/Third_Party/FreeRTOS/Source/queue.o
 .text.prvUnlockQueue
                0x000000000800ad3a       0xa4 ./Middlewares/Third_Party/FreeRTOS/Source/queue.o
 .text.prvIsQueueEmpty
                0x000000000800adde       0x2c ./Middlewares/Third_Party/FreeRTOS/Source/queue.o
 .text.prvIsQueueFull
                0x000000000800ae0a       0x30 ./Middlewares/Third_Party/FreeRTOS/Source/queue.o
 *fill*         0x000000000800ae3a        0x2 
 .text.vQueueAddToRegistry
                0x000000000800ae3c       0x54 ./Middlewares/Third_Party/FreeRTOS/Source/queue.o
                0x000000000800ae3c                vQueueAddToRegistry
 .text.vQueueUnregisterQueue
                0x000000000800ae90       0x54 ./Middlewares/Third_Party/FreeRTOS/Source/queue.o
                0x000000000800ae90                vQueueUnregisterQueue
 .text.vQueueWaitForMessageRestricted
                0x000000000800aee4       0x68 ./Middlewares/Third_Party/FreeRTOS/Source/queue.o
                0x000000000800aee4                vQueueWaitForMessageRestricted
 .text.xTaskCreateStatic
                0x000000000800af4c       0xba ./Middlewares/Third_Party/FreeRTOS/Source/tasks.o
                0x000000000800af4c                xTaskCreateStatic
 .text.xTaskCreate
                0x000000000800b006       0x8a ./Middlewares/Third_Party/FreeRTOS/Source/tasks.o
                0x000000000800b006                xTaskCreate
 .text.prvInitialiseNewTask
                0x000000000800b090      0x11e ./Middlewares/Third_Party/FreeRTOS/Source/tasks.o
 *fill*         0x000000000800b1ae        0x2 
 .text.prvAddNewTaskToReadyList
                0x000000000800b1b0       0xe0 ./Middlewares/Third_Party/FreeRTOS/Source/tasks.o
 .text.vTaskDelay
                0x000000000800b290       0x68 ./Middlewares/Third_Party/FreeRTOS/Source/tasks.o
                0x000000000800b290                vTaskDelay
 .text.vTaskStartScheduler
                0x000000000800b2f8       0xcc ./Middlewares/Third_Party/FreeRTOS/Source/tasks.o
                0x000000000800b2f8                vTaskStartScheduler
 .text.vTaskSuspendAll
                0x000000000800b3c4       0x1c ./Middlewares/Third_Party/FreeRTOS/Source/tasks.o
                0x000000000800b3c4                vTaskSuspendAll
 .text.xTaskResumeAll
                0x000000000800b3e0      0x13c ./Middlewares/Third_Party/FreeRTOS/Source/tasks.o
                0x000000000800b3e0                xTaskResumeAll
 .text.xTaskGetTickCount
                0x000000000800b51c       0x20 ./Middlewares/Third_Party/FreeRTOS/Source/tasks.o
                0x000000000800b51c                xTaskGetTickCount
 .text.xTaskIncrementTick
                0x000000000800b53c      0x174 ./Middlewares/Third_Party/FreeRTOS/Source/tasks.o
                0x000000000800b53c                xTaskIncrementTick
 .text.vTaskSwitchContext
                0x000000000800b6b0       0xbc ./Middlewares/Third_Party/FreeRTOS/Source/tasks.o
                0x000000000800b6b0                vTaskSwitchContext
 .text.vTaskPlaceOnEventList
                0x000000000800b76c       0x48 ./Middlewares/Third_Party/FreeRTOS/Source/tasks.o
                0x000000000800b76c                vTaskPlaceOnEventList
 .text.vTaskPlaceOnEventListRestricted
                0x000000000800b7b4       0x58 ./Middlewares/Third_Party/FreeRTOS/Source/tasks.o
                0x000000000800b7b4                vTaskPlaceOnEventListRestricted
 .text.xTaskRemoveFromEventList
                0x000000000800b80c       0xc8 ./Middlewares/Third_Party/FreeRTOS/Source/tasks.o
                0x000000000800b80c                xTaskRemoveFromEventList
 .text.vTaskInternalSetTimeOutState
                0x000000000800b8d4       0x2c ./Middlewares/Third_Party/FreeRTOS/Source/tasks.o
                0x000000000800b8d4                vTaskInternalSetTimeOutState
 .text.xTaskCheckForTimeOut
                0x000000000800b900       0xc4 ./Middlewares/Third_Party/FreeRTOS/Source/tasks.o
                0x000000000800b900                xTaskCheckForTimeOut
 .text.vTaskMissedYield
                0x000000000800b9c4       0x18 ./Middlewares/Third_Party/FreeRTOS/Source/tasks.o
                0x000000000800b9c4                vTaskMissedYield
 .text.prvIdleTask
                0x000000000800b9dc       0x30 ./Middlewares/Third_Party/FreeRTOS/Source/tasks.o
 .text.prvInitialiseTaskLists
                0x000000000800ba0c       0x80 ./Middlewares/Third_Party/FreeRTOS/Source/tasks.o
 .text.prvCheckTasksWaitingTermination
                0x000000000800ba8c       0x5c ./Middlewares/Third_Party/FreeRTOS/Source/tasks.o
 .text.prvDeleteTCB
                0x000000000800bae8       0x5e ./Middlewares/Third_Party/FreeRTOS/Source/tasks.o
 *fill*         0x000000000800bb46        0x2 
 .text.prvResetNextTaskUnblockTime
                0x000000000800bb48       0x40 ./Middlewares/Third_Party/FreeRTOS/Source/tasks.o
 .text.xTaskGetSchedulerState
                0x000000000800bb88       0x3c ./Middlewares/Third_Party/FreeRTOS/Source/tasks.o
                0x000000000800bb88                xTaskGetSchedulerState
 .text.xTaskPriorityInherit
                0x000000000800bbc4       0xd0 ./Middlewares/Third_Party/FreeRTOS/Source/tasks.o
                0x000000000800bbc4                xTaskPriorityInherit
 .text.xTaskPriorityDisinherit
                0x000000000800bc94       0xdc ./Middlewares/Third_Party/FreeRTOS/Source/tasks.o
                0x000000000800bc94                xTaskPriorityDisinherit
 .text.vTaskPriorityDisinheritAfterTimeout
                0x000000000800bd70      0x104 ./Middlewares/Third_Party/FreeRTOS/Source/tasks.o
                0x000000000800bd70                vTaskPriorityDisinheritAfterTimeout
 .text.pvTaskIncrementMutexHeldCount
                0x000000000800be74       0x28 ./Middlewares/Third_Party/FreeRTOS/Source/tasks.o
                0x000000000800be74                pvTaskIncrementMutexHeldCount
 .text.prvAddCurrentTaskToDelayedList
                0x000000000800be9c       0xa8 ./Middlewares/Third_Party/FreeRTOS/Source/tasks.o
 .text.xTimerCreateTimerTask
                0x000000000800bf44       0x90 ./Middlewares/Third_Party/FreeRTOS/Source/timers.o
                0x000000000800bf44                xTimerCreateTimerTask
 .text.xTimerGenericCommand
                0x000000000800bfd4       0x9c ./Middlewares/Third_Party/FreeRTOS/Source/timers.o
                0x000000000800bfd4                xTimerGenericCommand
 .text.prvProcessExpiredTimer
                0x000000000800c070       0x98 ./Middlewares/Third_Party/FreeRTOS/Source/timers.o
 .text.prvTimerTask
                0x000000000800c108       0x24 ./Middlewares/Third_Party/FreeRTOS/Source/timers.o
 .text.prvProcessTimerOrBlockTask
                0x000000000800c12c       0x9c ./Middlewares/Third_Party/FreeRTOS/Source/timers.o
 .text.prvGetNextExpireTime
                0x000000000800c1c8       0x48 ./Middlewares/Third_Party/FreeRTOS/Source/timers.o
 .text.prvSampleTimeNow
                0x000000000800c210       0x40 ./Middlewares/Third_Party/FreeRTOS/Source/timers.o
 .text.prvInsertTimerInActiveList
                0x000000000800c250       0x84 ./Middlewares/Third_Party/FreeRTOS/Source/timers.o
 .text.prvProcessReceivedCommands
                0x000000000800c2d4      0x1c4 ./Middlewares/Third_Party/FreeRTOS/Source/timers.o
 .text.prvSwitchTimerLists
                0x000000000800c498       0xc8 ./Middlewares/Third_Party/FreeRTOS/Source/timers.o
 .text.prvCheckForValidListAndQueue
                0x000000000800c560       0x80 ./Middlewares/Third_Party/FreeRTOS/Source/timers.o
 .text.pxPortInitialiseStack
                0x000000000800c5e0       0x68 ./Middlewares/Third_Party/FreeRTOS/Source/portable/GCC/ARM_CM4F/port.o
                0x000000000800c5e0                pxPortInitialiseStack
 .text.prvTaskExitError
                0x000000000800c648       0x58 ./Middlewares/Third_Party/FreeRTOS/Source/portable/GCC/ARM_CM4F/port.o
 .text.SVC_Handler
                0x000000000800c6a0       0x28 ./Middlewares/Third_Party/FreeRTOS/Source/portable/GCC/ARM_CM4F/port.o
                0x000000000800c6a0                SVC_Handler
 .text.prvPortStartFirstTask
                0x000000000800c6c8       0x28 ./Middlewares/Third_Party/FreeRTOS/Source/portable/GCC/ARM_CM4F/port.o
 .text.xPortStartScheduler
                0x000000000800c6f0      0x144 ./Middlewares/Third_Party/FreeRTOS/Source/portable/GCC/ARM_CM4F/port.o
                0x000000000800c6f0                xPortStartScheduler
 .text.vPortEnterCritical
                0x000000000800c834       0x60 ./Middlewares/Third_Party/FreeRTOS/Source/portable/GCC/ARM_CM4F/port.o
                0x000000000800c834                vPortEnterCritical
 .text.vPortExitCritical
                0x000000000800c894       0x54 ./Middlewares/Third_Party/FreeRTOS/Source/portable/GCC/ARM_CM4F/port.o
                0x000000000800c894                vPortExitCritical
 *fill*         0x000000000800c8e8        0x8 
 .text.PendSV_Handler
                0x000000000800c8f0       0x68 ./Middlewares/Third_Party/FreeRTOS/Source/portable/GCC/ARM_CM4F/port.o
                0x000000000800c8f0                PendSV_Handler
 .text.xPortSysTickHandler
                0x000000000800c958       0x44 ./Middlewares/Third_Party/FreeRTOS/Source/portable/GCC/ARM_CM4F/port.o
                0x000000000800c958                xPortSysTickHandler
 .text.vPortSetupTimerInterrupt
                0x000000000800c99c       0x48 ./Middlewares/Third_Party/FreeRTOS/Source/portable/GCC/ARM_CM4F/port.o
                0x000000000800c99c                vPortSetupTimerInterrupt
 .text.vPortEnableVFP
                0x000000000800c9e4       0x14 ./Middlewares/Third_Party/FreeRTOS/Source/portable/GCC/ARM_CM4F/port.o
 .text.vPortValidateInterruptPriority
                0x000000000800c9f8       0x80 ./Middlewares/Third_Party/FreeRTOS/Source/portable/GCC/ARM_CM4F/port.o
                0x000000000800c9f8                vPortValidateInterruptPriority
 .text.pvPortMalloc
                0x000000000800ca78      0x198 ./Middlewares/Third_Party/FreeRTOS/Source/portable/MemMang/heap_4.o
                0x000000000800ca78                pvPortMalloc
 .text.vPortFree
                0x000000000800cc10       0xc4 ./Middlewares/Third_Party/FreeRTOS/Source/portable/MemMang/heap_4.o
                0x000000000800cc10                vPortFree
 .text.prvHeapInit
                0x000000000800ccd4       0xc4 ./Middlewares/Third_Party/FreeRTOS/Source/portable/MemMang/heap_4.o
 .text.prvInsertBlockIntoFreeList
                0x000000000800cd98       0xb4 ./Middlewares/Third_Party/FreeRTOS/Source/portable/MemMang/heap_4.o
 .text._ZdlPvj  0x000000000800ce4c        0x4 c:/st/stm32cubeide_1.9.0/stm32cubeide/plugins/com.st.stm32cube.ide.mcu.externaltools.gnu-tools-for-stm32.10.3-2021.10.win32_1.0.0.202111181127/tools/bin/../lib/gcc/arm-none-eabi/10.3.1/../../../../arm-none-eabi/lib/thumb/v7e-m+fp/hard\libstdc++_nano.a(del_ops.o)
                0x000000000800ce4c                operator delete(void*, unsigned int)
 .text._Znwj    0x000000000800ce50       0x22 c:/st/stm32cubeide_1.9.0/stm32cubeide/plugins/com.st.stm32cube.ide.mcu.externaltools.gnu-tools-for-stm32.10.3-2021.10.win32_1.0.0.202111181127/tools/bin/../lib/gcc/arm-none-eabi/10.3.1/../../../../arm-none-eabi/lib/thumb/v7e-m+fp/hard\libstdc++_nano.a(new_op.o)
                0x000000000800ce50                operator new(unsigned int)
 .text.__cxa_pure_virtual
                0x000000000800ce72        0x6 c:/st/stm32cubeide_1.9.0/stm32cubeide/plugins/com.st.stm32cube.ide.mcu.externaltools.gnu-tools-for-stm32.10.3-2021.10.win32_1.0.0.202111181127/tools/bin/../lib/gcc/arm-none-eabi/10.3.1/../../../../arm-none-eabi/lib/thumb/v7e-m+fp/hard\libstdc++_nano.a(pure.o)
                0x000000000800ce72                __cxa_pure_virtual
 .text._ZdlPv   0x000000000800ce78        0x4 c:/st/stm32cubeide_1.9.0/stm32cubeide/plugins/com.st.stm32cube.ide.mcu.externaltools.gnu-tools-for-stm32.10.3-2021.10.win32_1.0.0.202111181127/tools/bin/../lib/gcc/arm-none-eabi/10.3.1/../../../../arm-none-eabi/lib/thumb/v7e-m+fp/hard\libstdc++_nano.a(del_op.o)
                0x000000000800ce78                operator delete(void*)
 .text._ZN10__cxxabiv111__terminateEPFvvE
                0x000000000800ce7c        0x8 c:/st/stm32cubeide_1.9.0/stm32cubeide/plugins/com.st.stm32cube.ide.mcu.externaltools.gnu-tools-for-stm32.10.3-2021.10.win32_1.0.0.202111181127/tools/bin/../lib/gcc/arm-none-eabi/10.3.1/../../../../arm-none-eabi/lib/thumb/v7e-m+fp/hard\libstdc++_nano.a(eh_terminate.o)
                0x000000000800ce7c                __cxxabiv1::__terminate(void (*)())
 .text._ZSt13get_terminatev
                0x000000000800ce84       0x10 c:/st/stm32cubeide_1.9.0/stm32cubeide/plugins/com.st.stm32cube.ide.mcu.externaltools.gnu-tools-for-stm32.10.3-2021.10.win32_1.0.0.202111181127/tools/bin/../lib/gcc/arm-none-eabi/10.3.1/../../../../arm-none-eabi/lib/thumb/v7e-m+fp/hard\libstdc++_nano.a(eh_terminate.o)
                0x000000000800ce84                std::get_terminate()
 .text._ZSt9terminatev
                0x000000000800ce94        0xa c:/st/stm32cubeide_1.9.0/stm32cubeide/plugins/com.st.stm32cube.ide.mcu.externaltools.gnu-tools-for-stm32.10.3-2021.10.win32_1.0.0.202111181127/tools/bin/../lib/gcc/arm-none-eabi/10.3.1/../../../../arm-none-eabi/lib/thumb/v7e-m+fp/hard\libstdc++_nano.a(eh_terminate.o)
                0x000000000800ce94                std::terminate()
 *fill*         0x000000000800ce9e        0x2 
 .text._ZSt15get_new_handlerv
                0x000000000800cea0       0x10 c:/st/stm32cubeide_1.9.0/stm32cubeide/plugins/com.st.stm32cube.ide.mcu.externaltools.gnu-tools-for-stm32.10.3-2021.10.win32_1.0.0.202111181127/tools/bin/../lib/gcc/arm-none-eabi/10.3.1/../../../../arm-none-eabi/lib/thumb/v7e-m+fp/hard\libstdc++_nano.a(new_handler.o)
                0x000000000800cea0                std::get_new_handler()
 .text.abort    0x000000000800ceb0        0xe c:/st/stm32cubeide_1.9.0/stm32cubeide/plugins/com.st.stm32cube.ide.mcu.externaltools.gnu-tools-for-stm32.10.3-2021.10.win32_1.0.0.202111181127/tools/bin/../lib/gcc/arm-none-eabi/10.3.1/../../../../arm-none-eabi/lib/thumb/v7e-m+fp/hard\libc_nano.a(lib_a-abort.o)
                0x000000000800ceb0                abort
 .text.atoi     0x000000000800cebe        0x8 c:/st/stm32cubeide_1.9.0/stm32cubeide/plugins/com.st.stm32cube.ide.mcu.externaltools.gnu-tools-for-stm32.10.3-2021.10.win32_1.0.0.202111181127/tools/bin/../lib/gcc/arm-none-eabi/10.3.1/../../../../arm-none-eabi/lib/thumb/v7e-m+fp/hard\libc_nano.a(lib_a-atoi.o)
                0x000000000800cebe                atoi
 *fill*         0x000000000800cec6        0x2 
 .text.__errno  0x000000000800cec8        0xc c:/st/stm32cubeide_1.9.0/stm32cubeide/plugins/com.st.stm32cube.ide.mcu.externaltools.gnu-tools-for-stm32.10.3-2021.10.win32_1.0.0.202111181127/tools/bin/../lib/gcc/arm-none-eabi/10.3.1/../../../../arm-none-eabi/lib/thumb/v7e-m+fp/hard\libc_nano.a(lib_a-errno.o)
                0x000000000800cec8                __errno
 .text.__libc_init_array
                0x000000000800ced4       0x48 c:/st/stm32cubeide_1.9.0/stm32cubeide/plugins/com.st.stm32cube.ide.mcu.externaltools.gnu-tools-for-stm32.10.3-2021.10.win32_1.0.0.202111181127/tools/bin/../lib/gcc/arm-none-eabi/10.3.1/../../../../arm-none-eabi/lib/thumb/v7e-m+fp/hard\libc_nano.a(lib_a-init.o)
                0x000000000800ced4                __libc_init_array
 .text.malloc   0x000000000800cf1c       0x10 c:/st/stm32cubeide_1.9.0/stm32cubeide/plugins/com.st.stm32cube.ide.mcu.externaltools.gnu-tools-for-stm32.10.3-2021.10.win32_1.0.0.202111181127/tools/bin/../lib/gcc/arm-none-eabi/10.3.1/../../../../arm-none-eabi/lib/thumb/v7e-m+fp/hard\libc_nano.a(lib_a-malloc.o)
                0x000000000800cf1c                malloc
 .text.free     0x000000000800cf2c       0x10 c:/st/stm32cubeide_1.9.0/stm32cubeide/plugins/com.st.stm32cube.ide.mcu.externaltools.gnu-tools-for-stm32.10.3-2021.10.win32_1.0.0.202111181127/tools/bin/../lib/gcc/arm-none-eabi/10.3.1/../../../../arm-none-eabi/lib/thumb/v7e-m+fp/hard\libc_nano.a(lib_a-malloc.o)
                0x000000000800cf2c                free
 .text.memcpy   0x000000000800cf3c       0x1c c:/st/stm32cubeide_1.9.0/stm32cubeide/plugins/com.st.stm32cube.ide.mcu.externaltools.gnu-tools-for-stm32.10.3-2021.10.win32_1.0.0.202111181127/tools/bin/../lib/gcc/arm-none-eabi/10.3.1/../../../../arm-none-eabi/lib/thumb/v7e-m+fp/hard\libc_nano.a(lib_a-memcpy-stub.o)
                0x000000000800cf3c                memcpy
 .text.memset   0x000000000800cf58       0x10 c:/st/stm32cubeide_1.9.0/stm32cubeide/plugins/com.st.stm32cube.ide.mcu.externaltools.gnu-tools-for-stm32.10.3-2021.10.win32_1.0.0.202111181127/tools/bin/../lib/gcc/arm-none-eabi/10.3.1/../../../../arm-none-eabi/lib/thumb/v7e-m+fp/hard\libc_nano.a(lib_a-memset.o)
                0x000000000800cf58                memset
 .text._free_r  0x000000000800cf68       0x98 c:/st/stm32cubeide_1.9.0/stm32cubeide/plugins/com.st.stm32cube.ide.mcu.externaltools.gnu-tools-for-stm32.10.3-2021.10.win32_1.0.0.202111181127/tools/bin/../lib/gcc/arm-none-eabi/10.3.1/../../../../arm-none-eabi/lib/thumb/v7e-m+fp/hard\libc_nano.a(lib_a-nano-freer.o)
                0x000000000800cf68                _free_r
 .text.sbrk_aligned
                0x000000000800d000       0x40 c:/st/stm32cubeide_1.9.0/stm32cubeide/plugins/com.st.stm32cube.ide.mcu.externaltools.gnu-tools-for-stm32.10.3-2021.10.win32_1.0.0.202111181127/tools/bin/../lib/gcc/arm-none-eabi/10.3.1/../../../../arm-none-eabi/lib/thumb/v7e-m+fp/hard\libc_nano.a(lib_a-nano-mallocr.o)
 .text._malloc_r
                0x000000000800d040       0xe8 c:/st/stm32cubeide_1.9.0/stm32cubeide/plugins/com.st.stm32cube.ide.mcu.externaltools.gnu-tools-for-stm32.10.3-2021.10.win32_1.0.0.202111181127/tools/bin/../lib/gcc/arm-none-eabi/10.3.1/../../../../arm-none-eabi/lib/thumb/v7e-m+fp/hard\libc_nano.a(lib_a-nano-mallocr.o)
                0x000000000800d040                _malloc_r
 .text.__cvt    0x000000000800d128       0xc4 c:/st/stm32cubeide_1.9.0/stm32cubeide/plugins/com.st.stm32cube.ide.mcu.externaltools.gnu-tools-for-stm32.10.3-2021.10.win32_1.0.0.202111181127/tools/bin/../lib/gcc/arm-none-eabi/10.3.1/../../../../arm-none-eabi/lib/thumb/v7e-m+fp/hard\libc_nano.a(lib_a-nano-vfprintf_float.o)
                0x000000000800d128                __cvt
 .text.__exponent
                0x000000000800d1ec       0x7c c:/st/stm32cubeide_1.9.0/stm32cubeide/plugins/com.st.stm32cube.ide.mcu.externaltools.gnu-tools-for-stm32.10.3-2021.10.win32_1.0.0.202111181127/tools/bin/../lib/gcc/arm-none-eabi/10.3.1/../../../../arm-none-eabi/lib/thumb/v7e-m+fp/hard\libc_nano.a(lib_a-nano-vfprintf_float.o)
                0x000000000800d1ec                __exponent
 .text._printf_float
                0x000000000800d268      0x46c c:/st/stm32cubeide_1.9.0/stm32cubeide/plugins/com.st.stm32cube.ide.mcu.externaltools.gnu-tools-for-stm32.10.3-2021.10.win32_1.0.0.202111181127/tools/bin/../lib/gcc/arm-none-eabi/10.3.1/../../../../arm-none-eabi/lib/thumb/v7e-m+fp/hard\libc_nano.a(lib_a-nano-vfprintf_float.o)
                0x000000000800d268                _printf_float
 .text._printf_common
                0x000000000800d6d4       0xda c:/st/stm32cubeide_1.9.0/stm32cubeide/plugins/com.st.stm32cube.ide.mcu.externaltools.gnu-tools-for-stm32.10.3-2021.10.win32_1.0.0.202111181127/tools/bin/../lib/gcc/arm-none-eabi/10.3.1/../../../../arm-none-eabi/lib/thumb/v7e-m+fp/hard\libc_nano.a(lib_a-nano-vfprintf_i.o)
                0x000000000800d6d4                _printf_common
 *fill*         0x000000000800d7ae        0x2 
 .text._printf_i
                0x000000000800d7b0      0x24c c:/st/stm32cubeide_1.9.0/stm32cubeide/plugins/com.st.stm32cube.ide.mcu.externaltools.gnu-tools-for-stm32.10.3-2021.10.win32_1.0.0.202111181127/tools/bin/../lib/gcc/arm-none-eabi/10.3.1/../../../../arm-none-eabi/lib/thumb/v7e-m+fp/hard\libc_nano.a(lib_a-nano-vfprintf_i.o)
                0x000000000800d7b0                _printf_i
 .text.printf   0x000000000800d9fc       0x30 c:/st/stm32cubeide_1.9.0/stm32cubeide/plugins/com.st.stm32cube.ide.mcu.externaltools.gnu-tools-for-stm32.10.3-2021.10.win32_1.0.0.202111181127/tools/bin/../lib/gcc/arm-none-eabi/10.3.1/../../../../arm-none-eabi/lib/thumb/v7e-m+fp/hard\libc_nano.a(lib_a-printf.o)
                0x000000000800d9fc                iprintf
                0x000000000800d9fc                printf
 .text._puts_r  0x000000000800da2c       0xdc c:/st/stm32cubeide_1.9.0/stm32cubeide/plugins/com.st.stm32cube.ide.mcu.externaltools.gnu-tools-for-stm32.10.3-2021.10.win32_1.0.0.202111181127/tools/bin/../lib/gcc/arm-none-eabi/10.3.1/../../../../arm-none-eabi/lib/thumb/v7e-m+fp/hard\libc_nano.a(lib_a-puts.o)
                0x000000000800da2c                _puts_r
 .text.puts     0x000000000800db08       0x10 c:/st/stm32cubeide_1.9.0/stm32cubeide/plugins/com.st.stm32cube.ide.mcu.externaltools.gnu-tools-for-stm32.10.3-2021.10.win32_1.0.0.202111181127/tools/bin/../lib/gcc/arm-none-eabi/10.3.1/../../../../arm-none-eabi/lib/thumb/v7e-m+fp/hard\libc_nano.a(lib_a-puts.o)
                0x000000000800db08                puts
 .text._sbrk_r  0x000000000800db18       0x20 c:/st/stm32cubeide_1.9.0/stm32cubeide/plugins/com.st.stm32cube.ide.mcu.externaltools.gnu-tools-for-stm32.10.3-2021.10.win32_1.0.0.202111181127/tools/bin/../lib/gcc/arm-none-eabi/10.3.1/../../../../arm-none-eabi/lib/thumb/v7e-m+fp/hard\libc_nano.a(lib_a-sbrkr.o)
                0x000000000800db18                _sbrk_r
 .text._raise_r
                0x000000000800db38       0x50 c:/st/stm32cubeide_1.9.0/stm32cubeide/plugins/com.st.stm32cube.ide.mcu.externaltools.gnu-tools-for-stm32.10.3-2021.10.win32_1.0.0.202111181127/tools/bin/../lib/gcc/arm-none-eabi/10.3.1/../../../../arm-none-eabi/lib/thumb/v7e-m+fp/hard\libc_nano.a(lib_a-signal.o)
                0x000000000800db38                _raise_r
 .text.raise    0x000000000800db88       0x10 c:/st/stm32cubeide_1.9.0/stm32cubeide/plugins/com.st.stm32cube.ide.mcu.externaltools.gnu-tools-for-stm32.10.3-2021.10.win32_1.0.0.202111181127/tools/bin/../lib/gcc/arm-none-eabi/10.3.1/../../../../arm-none-eabi/lib/thumb/v7e-m+fp/hard\libc_nano.a(lib_a-signal.o)
                0x000000000800db88                raise
 .text._kill_r  0x000000000800db98       0x24 c:/st/stm32cubeide_1.9.0/stm32cubeide/plugins/com.st.stm32cube.ide.mcu.externaltools.gnu-tools-for-stm32.10.3-2021.10.win32_1.0.0.202111181127/tools/bin/../lib/gcc/arm-none-eabi/10.3.1/../../../../arm-none-eabi/lib/thumb/v7e-m+fp/hard\libc_nano.a(lib_a-signalr.o)
                0x000000000800db98                _kill_r
 .text._getpid_r
                0x000000000800dbbc        0x4 c:/st/stm32cubeide_1.9.0/stm32cubeide/plugins/com.st.stm32cube.ide.mcu.externaltools.gnu-tools-for-stm32.10.3-2021.10.win32_1.0.0.202111181127/tools/bin/../lib/gcc/arm-none-eabi/10.3.1/../../../../arm-none-eabi/lib/thumb/v7e-m+fp/hard\libc_nano.a(lib_a-signalr.o)
                0x000000000800dbbc                _getpid_r
 .text.sscanf   0x000000000800dbc0       0x58 c:/st/stm32cubeide_1.9.0/stm32cubeide/plugins/com.st.stm32cube.ide.mcu.externaltools.gnu-tools-for-stm32.10.3-2021.10.win32_1.0.0.202111181127/tools/bin/../lib/gcc/arm-none-eabi/10.3.1/../../../../arm-none-eabi/lib/thumb/v7e-m+fp/hard\libc_nano.a(lib_a-sscanf.o)
                0x000000000800dbc0                siscanf
                0x000000000800dbc0                sscanf
 .text.__sread  0x000000000800dc18       0x22 c:/st/stm32cubeide_1.9.0/stm32cubeide/plugins/com.st.stm32cube.ide.mcu.externaltools.gnu-tools-for-stm32.10.3-2021.10.win32_1.0.0.202111181127/tools/bin/../lib/gcc/arm-none-eabi/10.3.1/../../../../arm-none-eabi/lib/thumb/v7e-m+fp/hard\libc_nano.a(lib_a-stdio.o)
                0x000000000800dc18                __sread
 .text.__seofread
                0x000000000800dc3a        0x4 c:/st/stm32cubeide_1.9.0/stm32cubeide/plugins/com.st.stm32cube.ide.mcu.externaltools.gnu-tools-for-stm32.10.3-2021.10.win32_1.0.0.202111181127/tools/bin/../lib/gcc/arm-none-eabi/10.3.1/../../../../arm-none-eabi/lib/thumb/v7e-m+fp/hard\libc_nano.a(lib_a-stdio.o)
                0x000000000800dc3a                __seofread
 .text.__swrite
                0x000000000800dc3e       0x38 c:/st/stm32cubeide_1.9.0/stm32cubeide/plugins/com.st.stm32cube.ide.mcu.externaltools.gnu-tools-for-stm32.10.3-2021.10.win32_1.0.0.202111181127/tools/bin/../lib/gcc/arm-none-eabi/10.3.1/../../../../arm-none-eabi/lib/thumb/v7e-m+fp/hard\libc_nano.a(lib_a-stdio.o)
                0x000000000800dc3e                __swrite
 .text.__sseek  0x000000000800dc76       0x24 c:/st/stm32cubeide_1.9.0/stm32cubeide/plugins/com.st.stm32cube.ide.mcu.externaltools.gnu-tools-for-stm32.10.3-2021.10.win32_1.0.0.202111181127/tools/bin/../lib/gcc/arm-none-eabi/10.3.1/../../../../arm-none-eabi/lib/thumb/v7e-m+fp/hard\libc_nano.a(lib_a-stdio.o)
                0x000000000800dc76                __sseek
 .text.__sclose
                0x000000000800dc9a        0x8 c:/st/stm32cubeide_1.9.0/stm32cubeide/plugins/com.st.stm32cube.ide.mcu.externaltools.gnu-tools-for-stm32.10.3-2021.10.win32_1.0.0.202111181127/tools/bin/../lib/gcc/arm-none-eabi/10.3.1/../../../../arm-none-eabi/lib/thumb/v7e-m+fp/hard\libc_nano.a(lib_a-stdio.o)
                0x000000000800dc9a                __sclose