../Core/Inc/Cli.h:11:10:Cli::~Cli()	16	static
../Core/Inc/Cli.h:11:10:virtual Cli::~Cli()	16	static
../Core/Inc/Cli.h:26:7:void CliContainer::registerCommand(const char*, Cli*)	24	static
../Core/Inc/temperture_monitor.h:23:7:void Monitor::setWarningValue(double)	24	static
../Core/Inc/temperture_monitor.h:27:7:void Monitor::setCriticalValue(double)	24	static
../Core/Inc/temperture_monitor.h:47:15:thresHolds* Monitor::getThresHolds()	16	static
../Core/Inc/SD_FILE.h:21:7:void File::read()	224	static
../Core/Inc/SD_FILE.h:72:7:void File::deleteFile()	16	static
../Core/Inc/Cli.h:7:7:constexpr Cli::Cli()	16	static
../Core/Src/Cli.cpp:28:2:LedOn::LedOn(Led*)	16	static
../Core/Src/Cli.cpp:31:7:virtual void LedOn::doCommand(const char*)	16	static
../Core/Src/Cli.cpp:39:2:LedOff::LedOff(Led*)	16	static
../Core/Src/Cli.cpp:42:7:virtual void LedOff::doCommand(const char*)	16	static
../Core/Src/Cli.cpp:86:2:RtcGetTime::RtcGetTime(Rtc*)	16	static
../Core/Src/Cli.cpp:89:7:virtual void RtcGetTime::doCommand(const char*)	16	static
../Core/Src/Cli.cpp:99:2:RtcSetTime::RtcSetTime(Rtc*)	16	static
../Core/Src/Cli.cpp:102:7:virtual void RtcSetTime::doCommand(const char*)	104	static
../Core/Src/Cli.cpp:151:2:BuzzerOn::BuzzerOn(Buzzer*)	16	static
../Core/Src/Cli.cpp:154:7:virtual void BuzzerOn::doCommand(const char*)	16	static
../Core/Src/Cli.cpp:162:2:BuzzerOff::BuzzerOff(Buzzer*)	16	static
../Core/Src/Cli.cpp:165:7:virtual void BuzzerOff::doCommand(const char*)	16	static
../Core/Src/Cli.cpp:173:2:SetWarning::SetWarning(Monitor*)	16	static
../Core/Src/Cli.cpp:176:7:virtual void SetWarning::doCommand(const char*)	32	static
../Core/Src/Cli.cpp:187:2:SetCritical::SetCritical(Monitor*)	16	static
../Core/Src/Cli.cpp:190:7:virtual void SetCritical::doCommand(const char*)	32	static
../Core/Src/Cli.cpp:201:2:PrintFile::PrintFile(File*)	16	static
../Core/Src/Cli.cpp:204:7:virtual void PrintFile::doCommand(const char*)	16	static
../Core/Src/Cli.cpp:212:2:DeleteFile::DeleteFile(File*)	16	static
../Core/Src/Cli.cpp:215:7:virtual void DeleteFile::doCommand(const char*)	16	static
../Core/Src/Cli.cpp:220:6:void CliContainer::initCliContainer()	24	static
../Core/Src/Cli.cpp:208:7:DeleteFile::~DeleteFile()	16	static
../Core/Src/Cli.cpp:208:7:virtual DeleteFile::~DeleteFile()	16	static
../Core/Src/Cli.cpp:197:7:PrintFile::~PrintFile()	16	static
../Core/Src/Cli.cpp:197:7:virtual PrintFile::~PrintFile()	16	static
../Core/Src/Cli.cpp:183:7:SetCritical::~SetCritical()	16	static
../Core/Src/Cli.cpp:183:7:virtual SetCritical::~SetCritical()	16	static
../Core/Src/Cli.cpp:169:7:SetWarning::~SetWarning()	16	static
../Core/Src/Cli.cpp:169:7:virtual SetWarning::~SetWarning()	16	static
../Core/Src/Cli.cpp:158:7:BuzzerOff::~BuzzerOff()	16	static
../Core/Src/Cli.cpp:158:7:virtual BuzzerOff::~BuzzerOff()	16	static
../Core/Src/Cli.cpp:147:7:BuzzerOn::~BuzzerOn()	16	static
../Core/Src/Cli.cpp:147:7:virtual BuzzerOn::~BuzzerOn()	16	static
../Core/Src/Cli.cpp:95:7:RtcSetTime::~RtcSetTime()	16	static
../Core/Src/Cli.cpp:95:7:virtual RtcSetTime::~RtcSetTime()	16	static
../Core/Src/Cli.cpp:82:7:RtcGetTime::~RtcGetTime()	16	static
../Core/Src/Cli.cpp:82:7:virtual RtcGetTime::~RtcGetTime()	16	static
../Core/Src/Cli.cpp:35:7:LedOff::~LedOff()	16	static
../Core/Src/Cli.cpp:35:7:virtual LedOff::~LedOff()	16	static
../Core/Src/Cli.cpp:24:7:LedOn::~LedOn()	16	static
../Core/Src/Cli.cpp:24:7:virtual LedOn::~LedOn()	16	static
