../Core/Src/main.c:122:5:main	8	static
../Core/Src/main.c:222:6:SystemClock_Config	96	static
../Core/Src/main.c:272:13:MX_I2C1_Init	8	static
../Core/Src/main.c:320:13:MX_SPI1_Init	8	static
../Core/Src/main.c:360:13:MX_TIM1_Init	40	static
../Core/Src/main.c:407:13:MX_TIM3_Init	64	static
../Core/Src/main.c:466:13:MX_TIM6_Init	24	static
../Core/Src/main.c:504:13:MX_USART2_UART_Init	8	static
../Core/Src/main.c:539:13:MX_GPIO_Init	48	static
../Core/Src/main.c:607:13:readTempFunc	16	static
../Core/Src/main.c:626:13:comtaskFunc	16	static
../Core/Src/main.c:644:13:monitorFunc	16	static
../Core/Src/main.c:662:13:blinkFunc	16	static
../Core/Src/main.c:681:6:HAL_TIM_PeriodElapsedCallback	16	static
../Core/Src/main.c:699:6:Error_Handler	4	static,ignoring_inline_asm
