../Core/Src/main.c:110:5:main	8	static
../Core/Src/main.c:203:6:SystemClock_Config	96	static
../Core/Src/main.c:253:13:MX_I2C1_Init	8	static
../Core/Src/main.c:301:13:MX_TIM1_Init	40	static
../Core/Src/main.c:348:13:MX_TIM3_Init	64	static
../Core/Src/main.c:407:13:MX_TIM6_Init	24	static
../Core/Src/main.c:445:13:MX_USART2_UART_Init	8	static
../Core/Src/main.c:480:13:MX_GPIO_Init	48	static
../Core/Src/main.c:532:13:READ_TEMP_func	16	static
../Core/Src/main.c:552:13:comtask_func	16	static
../Core/Src/main.c:570:13:monitor_func	16	static
../Core/Src/main.c:589:6:HAL_TIM_PeriodElapsedCallback	16	static
../Core/Src/main.c:607:6:Error_Handler	4	static,ignoring_inline_asm
