../Core/Inc/Cli.h:25:2:CliContainer::CliContainer()	16	static
../Core/Inc/Cli.h:26:2:CliContainer::~CliContainer()	16	static
../Core/Inc/temperture_monitor.h:12:16:constexpr thresholds::thresholds()	16	static
../Core/Inc/temperture_monitor.h:22:2:Monitor::Monitor()	16	static
../Core/Inc/temperture_monitor.h:31:9:double Monitor::getwarning()	16	static
../Core/Inc/temperture_monitor.h:35:9:double Monitor::getcritical()	16	static
../Core/Inc/temperture_monitor.h:39:12:dht_STATE Monitor::getstate()	16	static
../Core/Inc/temperture_monitor.h:43:7:void Monitor::setstate(dht_STATE)	16	static
../Core/Inc/SD_FILE.h:14:2:_FILE::_FILE(FIL, FATFS, FRESULT, const char*)	16	static
../Core/Inc/SD_FILE.h:46:7:void _FILE::write(char*)	32	static
../Core/Src/mymain.cpp:33:6:void mySDInit()	576	static
../Core/Src/mymain.cpp:66:5:int _write(int, char*, int)	24	static
../Core/Src/mymain.cpp:70:6:void HAL_GPIO_EXTI_Callback(uint16_t)	16	static
../Core/Src/mymain.cpp:79:6:void mycallback()	4	static
../Core/Src/mymain.cpp:83:6:void mymaininit()	8	static
../Core/Src/mymain.cpp:94:6:void myloop()	4	static
../Core/Src/mymain.cpp:99:6:void monitor_func(void*)	528	static
../Core/Src/mymain.cpp:148:6:void comtask_func(void*)	16	static
../Core/Src/mymain.cpp:161:6:void READ_TEMP_func(void*)	16	static
../Core/Src/mymain.cpp:177:6:void blink_func(void*)	16	static
../Core/Src/mymain.cpp:296:2:void __static_initialization_and_destruction_0(int, int)	1144	static
../Core/Src/mymain.cpp:296:2:cpp)	8	static
../Core/Src/mymain.cpp:296:2:cpp)	8	static
