../Core/Inc/Cli.h:24:2:CliContainer::CliContainer()	16	static
../Core/Inc/Cli.h:25:2:CliContainer::~CliContainer()	16	static
../Core/Inc/comtask.h:10:2:ComTask::ComTask()	16	static
../Core/Inc/temperture_monitor.h:12:8:constexpr thresHolds::thresHolds()	16	static
../Core/Inc/temperture_monitor.h:22:2:Monitor::Monitor()	16	static
../Core/Inc/temperture_monitor.h:31:9:double Monitor::getWarning()	16	static
../Core/Inc/temperture_monitor.h:35:9:double Monitor::getCritical()	16	static
../Core/Inc/temperture_monitor.h:39:15:MointorState Monitor::getState()	16	static
../Core/Inc/temperture_monitor.h:43:7:void Monitor::setState(MointorState)	16	static
../Core/Inc/SD_FILE.h:14:2:File::File(FIL, FATFS, FRESULT, const char*)	16	static
../Core/Inc/SD_FILE.h:47:7:void File::write(char*)	32	static
../Core/Src/mymain.cpp:34:6:void mySDInit()	576	static
../Core/Src/mymain.cpp:50:5:int _write(int, char*, int)	24	static
../Core/Src/mymain.cpp:54:6:void HAL_GPIO_EXTI_Callback(uint16_t)	16	static
../Core/Src/mymain.cpp:64:6:void myMainInit()	8	static
../Core/Src/mymain.cpp:75:6:void myloop()	4	static
../Core/Src/mymain.cpp:80:6:void monitorFunc(void*)	528	static
../Core/Src/mymain.cpp:129:6:void comtaskFunc(void*)	16	static
../Core/Src/mymain.cpp:142:6:void readTempFunc(void*)	24	static
../Core/Src/mymain.cpp:160:6:void blinkFunc(void*)	16	static
../Core/Src/mymain.cpp:279:2:void __static_initialization_and_destruction_0(int, int)	1144	static
../Core/Src/mymain.cpp:279:2:cpp)	8	static
../Core/Src/mymain.cpp:279:2:cpp)	8	static
