../Core/Inc/Cli.h:24:2:CliContainer::CliContainer()	16	static
../Core/Inc/Cli.h:25:2:CliContainer::~CliContainer()	16	static
../Core/Inc/temperture_monitor.h:13:9:constexpr Monitor::thresholds::thresholds()	16	static
../Core/Inc/temperture_monitor.h:20:2:Monitor::Monitor()	16	static
../Core/Inc/temperture_monitor.h:29:9:double Monitor::getwarning()	16	static
../Core/Inc/temperture_monitor.h:33:9:double Monitor::getcritical()	16	static
../Core/Inc/temperture_monitor.h:37:12:dht_STATE Monitor::getstate()	16	static
../Core/Inc/temperture_monitor.h:41:7:void Monitor::setstate(dht_STATE)	16	static
../Core/Src/mymain.cpp:23:5:int _write(int, char*, int)	24	static
../Core/Src/mymain.cpp:27:6:void HAL_GPIO_EXTI_Callback(uint16_t)	16	static
../Core/Src/mymain.cpp:35:6:void mycallback()	4	static
../Core/Src/mymain.cpp:39:6:void mymaininit()	8	static
../Core/Src/mymain.cpp:48:6:void myloop()	4	static
../Core/Src/mymain.cpp:53:6:void READ_TEMP_func(void*)	32	static
../Core/Src/mymain.cpp:81:6:void comtask_func(void*)	16	static
../Core/Src/mymain.cpp:94:6:void monitor_func(void*)	16	static
../Core/Src/mymain.cpp:107:6:void blink_func(void*)	16	static
../Core/Src/mymain.cpp:226:2:void __static_initialization_and_destruction_0(int, int)	16	static
../Core/Src/mymain.cpp:226:2:cpp)	8	static
../Core/Src/mymain.cpp:226:2:cpp)	8	static
