../Core/Inc/Cli.h:24:2:CliContainer::CliContainer()	16	static
../Core/Inc/Cli.h:25:2:CliContainer::~CliContainer()	16	static
../Core/Src/mymain.cpp:20:5:int _write(int, char*, int)	24	static
../Core/Src/mymain.cpp:24:6:void HAL_GPIO_EXTI_Callback(uint16_t)	16	static
../Core/Src/mymain.cpp:28:6:void mycallback()	4	static
../Core/Src/mymain.cpp:32:6:void mymaininit()	8	static
../Core/Src/mymain.cpp:41:6:void myloop()	8	static
../Core/Src/mymain.cpp:48:6:void READ_TEMP_func(void*)	16	static
../Core/Src/mymain.cpp:65:6:void comtask_func(void*)	16	static
../Core/Src/mymain.cpp:78:6:void monitor_func(void*)	16	static
../Core/Src/mymain.cpp:196:2:void __static_initialization_and_destruction_0(int, int)	16	static
../Core/Src/mymain.cpp:196:2:cpp)	8	static
../Core/Src/mymain.cpp:196:2:cpp)	8	static
